Archive member included to satisfy reference by file (symbol)

C:/ST/STM32CubeIDE_1.14.1/STM32CubeIDE/plugins/com.st.stm32cube.ide.mcu.externaltools.gnu-tools-for-stm32.11.3.rel1.win32_1.1.100.202309141235/tools/bin/../lib/gcc/arm-none-eabi/11.3.1/../../../../arm-none-eabi/lib/thumb/v7e-m+fp/hard\libc_nano.a(libc_a-exit.o)
                              C:/ST/STM32CubeIDE_1.14.1/STM32CubeIDE/plugins/com.st.stm32cube.ide.mcu.externaltools.gnu-tools-for-stm32.11.3.rel1.win32_1.1.100.202309141235/tools/bin/../lib/gcc/arm-none-eabi/11.3.1/../../../../arm-none-eabi/lib/thumb/v7e-m+fp/hard/crt0.o (exit)
C:/ST/STM32CubeIDE_1.14.1/STM32CubeIDE/plugins/com.st.stm32cube.ide.mcu.externaltools.gnu-tools-for-stm32.11.3.rel1.win32_1.1.100.202309141235/tools/bin/../lib/gcc/arm-none-eabi/11.3.1/../../../../arm-none-eabi/lib/thumb/v7e-m+fp/hard\libc_nano.a(libc_a-findfp.o)
                              C:/ST/STM32CubeIDE_1.14.1/STM32CubeIDE/plugins/com.st.stm32cube.ide.mcu.externaltools.gnu-tools-for-stm32.11.3.rel1.win32_1.1.100.202309141235/tools/bin/../lib/gcc/arm-none-eabi/11.3.1/../../../../arm-none-eabi/lib/thumb/v7e-m+fp/hard\libc_nano.a(libc_a-exit.o) (__stdio_exit_handler)
C:/ST/STM32CubeIDE_1.14.1/STM32CubeIDE/plugins/com.st.stm32cube.ide.mcu.externaltools.gnu-tools-for-stm32.11.3.rel1.win32_1.1.100.202309141235/tools/bin/../lib/gcc/arm-none-eabi/11.3.1/../../../../arm-none-eabi/lib/thumb/v7e-m+fp/hard\libc_nano.a(libc_a-fwalk.o)
                              C:/ST/STM32CubeIDE_1.14.1/STM32CubeIDE/plugins/com.st.stm32cube.ide.mcu.externaltools.gnu-tools-for-stm32.11.3.rel1.win32_1.1.100.202309141235/tools/bin/../lib/gcc/arm-none-eabi/11.3.1/../../../../arm-none-eabi/lib/thumb/v7e-m+fp/hard\libc_nano.a(libc_a-findfp.o) (_fwalk_sglue)
C:/ST/STM32CubeIDE_1.14.1/STM32CubeIDE/plugins/com.st.stm32cube.ide.mcu.externaltools.gnu-tools-for-stm32.11.3.rel1.win32_1.1.100.202309141235/tools/bin/../lib/gcc/arm-none-eabi/11.3.1/../../../../arm-none-eabi/lib/thumb/v7e-m+fp/hard\libc_nano.a(libc_a-setbuf.o)
                              ./Application/User/main.o (setbuf)
C:/ST/STM32CubeIDE_1.14.1/STM32CubeIDE/plugins/com.st.stm32cube.ide.mcu.externaltools.gnu-tools-for-stm32.11.3.rel1.win32_1.1.100.202309141235/tools/bin/../lib/gcc/arm-none-eabi/11.3.1/../../../../arm-none-eabi/lib/thumb/v7e-m+fp/hard\libc_nano.a(libc_a-setvbuf.o)
                              C:/ST/STM32CubeIDE_1.14.1/STM32CubeIDE/plugins/com.st.stm32cube.ide.mcu.externaltools.gnu-tools-for-stm32.11.3.rel1.win32_1.1.100.202309141235/tools/bin/../lib/gcc/arm-none-eabi/11.3.1/../../../../arm-none-eabi/lib/thumb/v7e-m+fp/hard\libc_nano.a(libc_a-setbuf.o) (setvbuf)
C:/ST/STM32CubeIDE_1.14.1/STM32CubeIDE/plugins/com.st.stm32cube.ide.mcu.externaltools.gnu-tools-for-stm32.11.3.rel1.win32_1.1.100.202309141235/tools/bin/../lib/gcc/arm-none-eabi/11.3.1/../../../../arm-none-eabi/lib/thumb/v7e-m+fp/hard\libc_nano.a(libc_a-stdio.o)
                              C:/ST/STM32CubeIDE_1.14.1/STM32CubeIDE/plugins/com.st.stm32cube.ide.mcu.externaltools.gnu-tools-for-stm32.11.3.rel1.win32_1.1.100.202309141235/tools/bin/../lib/gcc/arm-none-eabi/11.3.1/../../../../arm-none-eabi/lib/thumb/v7e-m+fp/hard\libc_nano.a(libc_a-findfp.o) (__sread)
C:/ST/STM32CubeIDE_1.14.1/STM32CubeIDE/plugins/com.st.stm32cube.ide.mcu.externaltools.gnu-tools-for-stm32.11.3.rel1.win32_1.1.100.202309141235/tools/bin/../lib/gcc/arm-none-eabi/11.3.1/../../../../arm-none-eabi/lib/thumb/v7e-m+fp/hard\libc_nano.a(libc_a-memset.o)
                              C:/ST/STM32CubeIDE_1.14.1/STM32CubeIDE/plugins/com.st.stm32cube.ide.mcu.externaltools.gnu-tools-for-stm32.11.3.rel1.win32_1.1.100.202309141235/tools/bin/../lib/gcc/arm-none-eabi/11.3.1/../../../../arm-none-eabi/lib/thumb/v7e-m+fp/hard/crt0.o (memset)
C:/ST/STM32CubeIDE_1.14.1/STM32CubeIDE/plugins/com.st.stm32cube.ide.mcu.externaltools.gnu-tools-for-stm32.11.3.rel1.win32_1.1.100.202309141235/tools/bin/../lib/gcc/arm-none-eabi/11.3.1/../../../../arm-none-eabi/lib/thumb/v7e-m+fp/hard\libc_nano.a(libc_a-closer.o)
                              C:/ST/STM32CubeIDE_1.14.1/STM32CubeIDE/plugins/com.st.stm32cube.ide.mcu.externaltools.gnu-tools-for-stm32.11.3.rel1.win32_1.1.100.202309141235/tools/bin/../lib/gcc/arm-none-eabi/11.3.1/../../../../arm-none-eabi/lib/thumb/v7e-m+fp/hard\libc_nano.a(libc_a-stdio.o) (_close_r)
C:/ST/STM32CubeIDE_1.14.1/STM32CubeIDE/plugins/com.st.stm32cube.ide.mcu.externaltools.gnu-tools-for-stm32.11.3.rel1.win32_1.1.100.202309141235/tools/bin/../lib/gcc/arm-none-eabi/11.3.1/../../../../arm-none-eabi/lib/thumb/v7e-m+fp/hard\libc_nano.a(libc_a-reent.o)
                              C:/ST/STM32CubeIDE_1.14.1/STM32CubeIDE/plugins/com.st.stm32cube.ide.mcu.externaltools.gnu-tools-for-stm32.11.3.rel1.win32_1.1.100.202309141235/tools/bin/../lib/gcc/arm-none-eabi/11.3.1/../../../../arm-none-eabi/lib/thumb/v7e-m+fp/hard\libc_nano.a(libc_a-closer.o) (errno)
[...]
Memory Configuration

Name             Origin             Length             Attributes
RAM              0x0000000020000000 0x0000000000008000 xrw
FLASH            0x0000000008000000 0x0000000000020000 xr
*default*        0x0000000000000000 0xffffffffffffffff

Linker script and memory map

LOAD C:/ST/STM32CubeIDE_1.14.1/STM32CubeIDE/plugins/com.st.stm32cube.ide.mcu.externaltools.gnu-tools-for-stm32.11.3.rel1.win32_1.1.100.202309141235/tools/bin/../lib/gcc/arm-none-eabi/11.3.1/thumb/v7e-m+fp/hard/crti.o
LOAD C:/ST/STM32CubeIDE_1.14.1/STM32CubeIDE/plugins/com.st.stm32cube.ide.mcu.externaltools.gnu-tools-for-stm32.11.3.rel1.win32_1.1.100.202309141235/tools/bin/../lib/gcc/arm-none-eabi/11.3.1/thumb/v7e-m+fp/hard/crtbegin.o
LOAD C:/ST/STM32CubeIDE_1.14.1/STM32CubeIDE/plugins/com.st.stm32cube.ide.mcu.externaltools.gnu-tools-for-stm32.11.3.rel1.win32_1.1.100.202309141235/tools/bin/../lib/gcc/arm-none-eabi/11.3.1/../../../../arm-none-eabi/lib/thumb/v7e-m+fp/hard/crt0.o
LOAD ./Application/Startup/startup_stm32g431vbtx.o
LOAD ./Application/User/gpio.o
LOAD ./Application/User/main.o
LOAD ./Application/User/stm32g4xx_hal_msp.o
LOAD ./Application/User/stm32g4xx_it.o
LOAD ./Application/User/syscalls.o
LOAD ./Application/User/sysmem.o
LOAD ./Application/User/tim.o
LOAD ./Application/User/usart.o
LOAD ./Drivers/CMSIS/system_stm32g4xx.o
LOAD ./Drivers/STM32G4xx_HAL_Driver/stm32g4xx_hal.o
LOAD ./Drivers/STM32G4xx_HAL_Driver/stm32g4xx_hal_cortex.o
LOAD ./Drivers/STM32G4xx_HAL_Driver/stm32g4xx_hal_dma.o
LOAD ./Drivers/STM32G4xx_HAL_Driver/stm32g4xx_hal_dma_ex.o
LOAD ./Drivers/STM32G4xx_HAL_Driver/stm32g4xx_hal_exti.o
LOAD ./Drivers/STM32G4xx_HAL_Driver/stm32g4xx_hal_flash.o
LOAD ./Drivers/STM32G4xx_HAL_Driver/stm32g4xx_hal_flash_ex.o
LOAD ./Drivers/STM32G4xx_HAL_Driver/stm32g4xx_hal_flash_ramfunc.o
LOAD ./Drivers/STM32G4xx_HAL_Driver/stm32g4xx_hal_gpio.o
LOAD ./Drivers/STM32G4xx_HAL_Driver/stm32g4xx_hal_pwr.o
LOAD ./Drivers/STM32G4xx_HAL_Driver/stm32g4xx_hal_pwr_ex.o
LOAD ./Drivers/STM32G4xx_HAL_Driver/stm32g4xx_hal_rcc.o
LOAD ./Drivers/STM32G4xx_HAL_Driver/stm32g4xx_hal_rcc_ex.o
LOAD ./Drivers/STM32G4xx_HAL_Driver/stm32g4xx_hal_tim.o
LOAD ./Drivers/STM32G4xx_HAL_Driver/stm32g4xx_hal_tim_ex.o
LOAD ./Drivers/STM32G4xx_HAL_Driver/stm32g4xx_hal_uart.o
LOAD ./Drivers/STM32G4xx_HAL_Driver/stm32g4xx_hal_uart_ex.o
LOAD ./pmsm/pmsm.o
START GROUP
LOAD C:/ST/STM32CubeIDE_1.14.1/STM32CubeIDE/plugins/com.st.stm32cube.ide.mcu.externaltools.gnu-tools-for-stm32.11.3.rel1.win32_1.1.100.202309141235/tools/bin/../lib/gcc/arm-none-eabi/11.3.1/../../../../arm-none-eabi/lib/thumb/v7e-m+fp/hard\libc_nano.a
LOAD C:/ST/STM32CubeIDE_1.14.1/STM32CubeIDE/plugins/com.st.stm32cube.ide.mcu.externaltools.gnu-tools-for-stm32.11.3.rel1.win32_1.1.100.202309141235/tools/bin/../lib/gcc/arm-none-eabi/11.3.1/../../../../arm-none-eabi/lib/thumb/v7e-m+fp/hard\libm.a
END GROUP
START GROUP
LOAD C:/ST/STM32CubeIDE_1.14.1/STM32CubeIDE/plugins/com.st.stm32cube.ide.mcu.externaltools.gnu-tools-for-stm32.11.3.rel1.win32_1.1.100.202309141235/tools/bin/../lib/gcc/arm-none-eabi/11.3.1/thumb/v7e-m+fp/hard\libgcc.a
LOAD C:/ST/STM32CubeIDE_1.14.1/STM32CubeIDE/plugins/com.st.stm32cube.ide.mcu.externaltools.gnu-tools-for-stm32.11.3.rel1.win32_1.1.100.202309141235/tools/bin/../lib/gcc/arm-none-eabi/11.3.1/../../../../arm-none-eabi/lib/thumb/v7e-m+fp/hard\libc_nano.a
END GROUP
START GROUP
LOAD C:/ST/STM32CubeIDE_1.14.1/STM32CubeIDE/plugins/com.st.stm32cube.ide.mcu.externaltools.gnu-tools-for-stm32.11.3.rel1.win32_1.1.100.202309141235/tools/bin/../lib/gcc/arm-none-eabi/11.3.1/thumb/v7e-m+fp/hard\libgcc.a
LOAD C:/ST/STM32CubeIDE_1.14.1/STM32CubeIDE/plugins/com.st.stm32cube.ide.mcu.externaltools.gnu-tools-for-stm32.11.3.rel1.win32_1.1.100.202309141235/tools/bin/../lib/gcc/arm-none-eabi/11.3.1/../../../../arm-none-eabi/lib/thumb/v7e-m+fp/hard\libc_nano.a
LOAD C:/ST/STM32CubeIDE_1.14.1/STM32CubeIDE/plugins/com.st.stm32cube.ide.mcu.externaltools.gnu-tools-for-stm32.11.3.rel1.win32_1.1.100.202309141235/tools/bin/../lib/gcc/arm-none-eabi/11.3.1/../../../../arm-none-eabi/lib/thumb/v7e-m+fp/hard\libnosys.a
END GROUP
START GROUP
LOAD C:/ST/STM32CubeIDE_1.14.1/STM32CubeIDE/plugins/com.st.stm32cube.ide.mcu.externaltools.gnu-tools-for-stm32.11.3.rel1.win32_1.1.100.202309141235/tools/bin/../lib/gcc/arm-none-eabi/11.3.1/thumb/v7e-m+fp/hard\libgcc.a
LOAD C:/ST/STM32CubeIDE_1.14.1/STM32CubeIDE/plugins/com.st.stm32cube.ide.mcu.externaltools.gnu-tools-for-stm32.11.3.rel1.win32_1.1.100.202309141235/tools/bin/../lib/gcc/arm-none-eabi/11.3.1/../../../../arm-none-eabi/lib/thumb/v7e-m+fp/hard\libc_nano.a
LOAD C:/ST/STM32CubeIDE_1.14.1/STM32CubeIDE/plugins/com.st.stm32cube.ide.mcu.externaltools.gnu-tools-for-stm32.11.3.rel1.win32_1.1.100.202309141235/tools/bin/../lib/gcc/arm-none-eabi/11.3.1/../../../../arm-none-eabi/lib/thumb/v7e-m+fp/hard\libnosys.a
END GROUP
LOAD C:/ST/STM32CubeIDE_1.14.1/STM32CubeIDE/plugins/com.st.stm32cube.ide.mcu.externaltools.gnu-tools-for-stm32.11.3.rel1.win32_1.1.100.202309141235/tools/bin/../lib/gcc/arm-none-eabi/11.3.1/thumb/v7e-m+fp/hard/crtend.o
LOAD C:/ST/STM32CubeIDE_1.14.1/STM32CubeIDE/plugins/com.st.stm32cube.ide.mcu.externaltools.gnu-tools-for-stm32.11.3.rel1.win32_1.1.100.202309141235/tools/bin/../lib/gcc/arm-none-eabi/11.3.1/thumb/v7e-m+fp/hard/crtn.o
                0x0000000020008000                _estack = (ORIGIN (RAM) + LENGTH (RAM))
                0x0000000000000200                _Min_Heap_Size = 0x200
                0x0000000000000400                _Min_Stack_Size = 0x400

.isr_vector     0x0000000008000000      0x1d8
                0x0000000008000000                . = ALIGN (0x4)
 *(.isr_vector)
 .isr_vector    0x0000000008000000      0x1d8 ./Application/Startup/startup_stm32g431vbtx.o
                0x0000000008000000                g_pfnVectors
                0x00000000080001d8                . = ALIGN (0x4)

.text           0x00000000080001d8     0x5618
                0x00000000080001d8                . = ALIGN (0x4)
 *(.text)
 .text          0x00000000080001d8       0x40 C:/ST/STM32CubeIDE_1.14.1/STM32CubeIDE/plugins/com.st.stm32cube.ide.mcu.externaltools.gnu-tools-for-stm32.11.3.rel1.win32_1.1.100.202309141235/tools/bin/../lib/gcc/arm-none-eabi/11.3.1/thumb/v7e-m+fp/hard/crtbegin.o
 .text          0x0000000008000218       0x30 C:/ST/STM32CubeIDE_1.14.1/STM32CubeIDE/plugins/com.st.stm32cube.ide.mcu.externaltools.gnu-tools-for-stm32.11.3.rel1.win32_1.1.100.202309141235/tools/bin/../lib/gcc/arm-none-eabi/11.3.1/thumb/v7e-m+fp/hard\libgcc.a(_aeabi_uldivmod.o)
                0x0000000008000218                __aeabi_uldivmod
 .text          0x0000000008000248      0x2c8 C:/ST/STM32CubeIDE_1.14.1/STM32CubeIDE/plugins/com.st.stm32cube.ide.mcu.externaltools.gnu-tools-for-stm32.11.3.rel1.win32_1.1.100.202309141235/tools/bin/../lib/gcc/arm-none-eabi/11.3.1/thumb/v7e-m+fp/hard\libgcc.a(_udivmoddi4.o)
                0x0000000008000248                __udivmoddi4
 .text          0x0000000008000510        0x4 C:/ST/STM32CubeIDE_1.14.1/STM32CubeIDE/plugins/com.st.stm32cube.ide.mcu.externaltools.gnu-tools-for-stm32.11.3.rel1.win32_1.1.100.202309141235/tools/bin/../lib/gcc/arm-none-eabi/11.3.1/thumb/v7e-m+fp/hard\libgcc.a(_dvmd_tls.o)
                0x0000000008000510                __aeabi_idiv0
                0x0000000008000510                __aeabi_ldiv0
 *(.text*)
 .text.Reset_Handler
                0x0000000008000514       0x50 ./Application/Startup/startup_stm32g431vbtx.o
                0x0000000008000514                Reset_Handler
 .text.Default_Handler
                0x0000000008000564        0x2 ./Application/Startup/startup_stm32g431vbtx.o
                0x0000000008000564                RTC_Alarm_IRQHandler
                0x0000000008000564                EXTI2_IRQHandler
                0x0000000008000564                TIM8_TRG_COM_IRQHandler
                0x0000000008000564                TIM8_CC_IRQHandler
                0x0000000008000564                TIM1_CC_IRQHandler
                0x0000000008000564                USB_HP_IRQHandler
                0x0000000008000564                CORDIC_IRQHandler
                0x0000000008000564                EXTI3_IRQHandler
                0x0000000008000564                I2C3_ER_IRQHandler
                0x0000000008000564                EXTI0_IRQHandler
                0x0000000008000564                I2C2_EV_IRQHandler
                0x0000000008000564                FPU_IRQHandler
                0x0000000008000564                FDCAN1_IT1_IRQHandler
                0x0000000008000564                ADC1_2_IRQHandler
                0x0000000008000564                SPI1_IRQHandler
                0x0000000008000564                TIM6_DAC_IRQHandler
                0x0000000008000564                TIM8_UP_IRQHandler
                0x0000000008000564                DMA2_Channel2_IRQHandler
                0x0000000008000564                DMA1_Channel4_IRQHandler
                0x0000000008000564                USART3_IRQHandler
                0x0000000008000564                DMA2_Channel1_IRQHandler
                0x0000000008000564                I2C1_EV_IRQHandler
                0x0000000008000564                DMA1_Channel6_IRQHandler
                0x0000000008000564                UART4_IRQHandler
                0x0000000008000564                DMA2_Channel4_IRQHandler
                0x0000000008000564                RCC_IRQHandler
                0x0000000008000564                DMA1_Channel1_IRQHandler
                0x0000000008000564                Default_Handler
                0x0000000008000564                RTC_TAMP_LSECSS_IRQHandler
                0x0000000008000564                FMAC_IRQHandler
                0x0000000008000564                EXTI15_10_IRQHandler
                0x0000000008000564                TIM7_IRQHandler
                0x0000000008000564                UCPD1_IRQHandler
                0x0000000008000564                I2C3_EV_IRQHandler
                0x0000000008000564                RTC_WKUP_IRQHandler
                0x0000000008000564                PVD_PVM_IRQHandler
                0x0000000008000564                SPI2_IRQHandler
                0x0000000008000564                DMA2_Channel5_IRQHandler
                0x0000000008000564                CRS_IRQHandler
                0x0000000008000564                DMA1_Channel5_IRQHandler
                0x0000000008000564                USB_LP_IRQHandler
                0x0000000008000564                EXTI4_IRQHandler
                0x0000000008000564                RNG_IRQHandler
                0x0000000008000564                TIM1_TRG_COM_TIM17_IRQHandler
                0x0000000008000564                DMA1_Channel3_IRQHandler
                0x0000000008000564                WWDG_IRQHandler
                0x0000000008000564                LPUART1_IRQHandler
                0x0000000008000564                DMA2_Channel6_IRQHandler
                0x0000000008000564                FDCAN1_IT0_IRQHandler
                0x0000000008000564                TIM2_IRQHandler
                0x0000000008000564                COMP1_2_3_IRQHandler
                0x0000000008000564                EXTI1_IRQHandler
                0x0000000008000564                USART2_IRQHandler
                0x0000000008000564                I2C2_ER_IRQHandler
                0x0000000008000564                DMA1_Channel2_IRQHandler
                0x0000000008000564                TIM8_BRK_IRQHandler
                0x0000000008000564                FLASH_IRQHandler
                0x0000000008000564                USART1_IRQHandler
                0x0000000008000564                SPI3_IRQHandler
                0x0000000008000564                I2C1_ER_IRQHandler
                0x0000000008000564                LPTIM1_IRQHandler
                0x0000000008000564                DMAMUX_OVR_IRQHandler
                0x0000000008000564                USBWakeUp_IRQHandler
                0x0000000008000564                SAI1_IRQHandler
                0x0000000008000564                DMA2_Channel3_IRQHandler
                0x0000000008000564                COMP4_IRQHandler
 *fill*         0x0000000008000566        0x2 
 .text.MX_GPIO_Init
                0x0000000008000568       0x9c ./Application/User/gpio.o
                0x0000000008000568                MX_GPIO_Init
 .text.main     0x0000000008000604       0x58 ./Application/User/main.o
                0x0000000008000604                main
 .text.SystemClock_Config
                0x000000000800065c       0x96 ./Application/User/main.o
                0x000000000800065c                SystemClock_Config
 .text.Error_Handler
                0x00000000080006f2        0xa ./Application/User/main.o
                0x00000000080006f2                Error_Handler
 .text.HAL_MspInit
                0x00000000080006fc       0x48 ./Application/User/stm32g4xx_hal_msp.o
                0x00000000080006fc                HAL_MspInit
 .text.LL_TIM_ClearFlag_UPDATE
                0x0000000008000744       0x1c ./Application/User/stm32g4xx_it.o
 .text.LL_TIM_IsActiveFlag_UPDATE
                0x0000000008000760       0x26 ./Application/User/stm32g4xx_it.o
 .text.NMI_Handler
                0x0000000008000786        0x6 ./Application/User/stm32g4xx_it.o
                0x0000000008000786                NMI_Handler
 .text.HardFault_Handler
                0x000000000800078c        0x6 ./Application/User/stm32g4xx_it.o
                0x000000000800078c                HardFault_Handler
 .text.MemManage_Handler
                0x0000000008000792        0x6 ./Application/User/stm32g4xx_it.o
                0x0000000008000792                MemManage_Handler
 .text.BusFault_Handler
                0x0000000008000798        0x6 ./Application/User/stm32g4xx_it.o
                0x0000000008000798                BusFault_Handler
 .text.UsageFault_Handler
                0x000000000800079e        0x6 ./Application/User/stm32g4xx_it.o
                0x000000000800079e                UsageFault_Handler
 .text.SVC_Handler
                0x00000000080007a4        0xe ./Application/User/stm32g4xx_it.o
                0x00000000080007a4                SVC_Handler
 .text.DebugMon_Handler
                0x00000000080007b2        0xe ./Application/User/stm32g4xx_it.o
                0x00000000080007b2                DebugMon_Handler
 .text.PendSV_Handler
                0x00000000080007c0        0xe ./Application/User/stm32g4xx_it.o
                0x00000000080007c0                PendSV_Handler
 .text.SysTick_Handler
                0x00000000080007ce        0xc ./Application/User/stm32g4xx_it.o
                0x00000000080007ce                SysTick_Handler
 .text.EXTI9_5_IRQHandler
                0x00000000080007da        0xc ./Application/User/stm32g4xx_it.o
                0x00000000080007da                EXTI9_5_IRQHandler
 *fill*         0x00000000080007e6        0x2 
 .text.TIM1_BRK_TIM15_IRQHandler
                0x00000000080007e8       0x14 ./Application/User/stm32g4xx_it.o
                0x00000000080007e8                TIM1_BRK_TIM15_IRQHandler
 .text.TIM1_UP_TIM16_IRQHandler
                0x00000000080007fc       0x14 ./Application/User/stm32g4xx_it.o
                0x00000000080007fc                TIM1_UP_TIM16_IRQHandler
 .text.TIM3_IRQHandler
                0x0000000008000810       0x2c ./Application/User/stm32g4xx_it.o
                0x0000000008000810                TIM3_IRQHandler
 .text.TIM4_IRQHandler
                0x000000000800083c       0x2c ./Application/User/stm32g4xx_it.o
                0x000000000800083c                TIM4_IRQHandler
 .text._read    0x0000000008000868       0x3a ./Application/User/syscalls.o
                0x0000000008000868                _read
 .text._write   0x00000000080008a2       0x38 ./Application/User/syscalls.o
                0x00000000080008a2                _write
 .text._close   0x00000000080008da       0x18 ./Application/User/syscalls.o
                0x00000000080008da                _close
 .text._fstat   0x00000000080008f2       0x20 ./Application/User/syscalls.o
                0x00000000080008f2                _fstat
 .text._lseek   0x0000000008000912       0x1a ./Application/User/syscalls.o
                0x0000000008000912                _lseek
 .text._sbrk    0x000000000800092c       0x6c ./Application/User/sysmem.o
                0x000000000800092c                _sbrk
 .text.LL_TIM_EnableCounter
                0x0000000008000998       0x20 ./Application/User/tim.o
 .text.LL_TIM_EnableAllOutputs
                0x00000000080009b8       0x20 ./Application/User/tim.o
 .text.MX_TIM1_Init
                0x00000000080009d8      0x19c ./Application/User/tim.o
                0x00000000080009d8                MX_TIM1_Init
 .text.MX_TIM3_Init
                0x0000000008000b74       0x9c ./Application/User/tim.o
                0x0000000008000b74                MX_TIM3_Init
 .text.MX_TIM4_Init
                0x0000000008000c10       0x9c ./Application/User/tim.o
                0x0000000008000c10                MX_TIM4_Init
 .text.HAL_TIM_Base_MspInit
                0x0000000008000cac       0xcc ./Application/User/tim.o
                0x0000000008000cac                HAL_TIM_Base_MspInit
 .text.HAL_TIM_MspPostInit
                0x0000000008000d78       0x70 ./Application/User/tim.o
                0x0000000008000d78                HAL_TIM_MspPostInit
 .text.MX_USART1_UART_Init
                0x0000000008000de8       0x98 ./Application/User/usart.o
                0x0000000008000de8                MX_USART1_UART_Init
 .text.HAL_UART_MspInit
                0x0000000008000e80       0xb0 ./Application/User/usart.o
                0x0000000008000e80                HAL_UART_MspInit
 .text.__io_putchar
                0x0000000008000f30       0x24 ./Application/User/usart.o
                0x0000000008000f30                __io_putchar
 .text.SystemInit
                0x0000000008000f54       0x24 ./Drivers/CMSIS/system_stm32g4xx.o
                0x0000000008000f54                SystemInit
 .text.HAL_Init
                0x0000000008000f78       0x30 ./Drivers/STM32G4xx_HAL_Driver/stm32g4xx_hal.o
                0x0000000008000f78                HAL_Init
 .text.HAL_InitTick
                0x0000000008000fa8       0x74 ./Drivers/STM32G4xx_HAL_Driver/stm32g4xx_hal.o
                0x0000000008000fa8                HAL_InitTick
 .text.HAL_IncTick
                0x000000000800101c       0x24 ./Drivers/STM32G4xx_HAL_Driver/stm32g4xx_hal.o
                0x000000000800101c                HAL_IncTick
 .text.HAL_GetTick
                0x0000000008001040       0x18 ./Drivers/STM32G4xx_HAL_Driver/stm32g4xx_hal.o
                0x0000000008001040                HAL_GetTick
 .text.HAL_Delay
                0x0000000008001058       0x44 ./Drivers/STM32G4xx_HAL_Driver/stm32g4xx_hal.o
                0x0000000008001058                HAL_Delay
 .text.__NVIC_SetPriorityGrouping
                0x000000000800109c       0x48 ./Drivers/STM32G4xx_HAL_Driver/stm32g4xx_hal_cortex.o
 .text.__NVIC_GetPriorityGrouping
                0x00000000080010e4       0x1c ./Drivers/STM32G4xx_HAL_Driver/stm32g4xx_hal_cortex.o
 .text.__NVIC_EnableIRQ
                0x0000000008001100       0x3c ./Drivers/STM32G4xx_HAL_Driver/stm32g4xx_hal_cortex.o
 .text.__NVIC_SetPriority
                0x000000000800113c       0x54 ./Drivers/STM32G4xx_HAL_Driver/stm32g4xx_hal_cortex.o
 .text.NVIC_EncodePriority
                0x0000000008001190       0x66 ./Drivers/STM32G4xx_HAL_Driver/stm32g4xx_hal_cortex.o
 *fill*         0x00000000080011f6        0x2 
 .text.SysTick_Config
                0x00000000080011f8       0x44 ./Drivers/STM32G4xx_HAL_Driver/stm32g4xx_hal_cortex.o
 .text.HAL_NVIC_SetPriorityGrouping
                0x000000000800123c       0x16 ./Drivers/STM32G4xx_HAL_Driver/stm32g4xx_hal_cortex.o
                0x000000000800123c                HAL_NVIC_SetPriorityGrouping
 .text.HAL_NVIC_SetPriority
                0x0000000008001252       0x34 ./Drivers/STM32G4xx_HAL_Driver/stm32g4xx_hal_cortex.o
                0x0000000008001252                HAL_NVIC_SetPriority
 .text.HAL_NVIC_EnableIRQ
                0x0000000008001286       0x1c ./Drivers/STM32G4xx_HAL_Driver/stm32g4xx_hal_cortex.o
                0x0000000008001286                HAL_NVIC_EnableIRQ
 .text.HAL_SYSTICK_Config
                0x00000000080012a2       0x18 ./Drivers/STM32G4xx_HAL_Driver/stm32g4xx_hal_cortex.o
                0x00000000080012a2                HAL_SYSTICK_Config
 *fill*         0x00000000080012ba        0x2 
 .text.HAL_GPIO_Init
                0x00000000080012bc      0x304 ./Drivers/STM32G4xx_HAL_Driver/stm32g4xx_hal_gpio.o
                0x00000000080012bc                HAL_GPIO_Init
 .text.HAL_PWREx_ControlVoltageScaling
                0x00000000080015c0      0x148 ./Drivers/STM32G4xx_HAL_Driver/stm32g4xx_hal_pwr_ex.o
                0x00000000080015c0                HAL_PWREx_ControlVoltageScaling
 .text.HAL_PWREx_DisableUCPDDeadBattery
                0x0000000008001708       0x20 ./Drivers/STM32G4xx_HAL_Driver/stm32g4xx_hal_pwr_ex.o
                0x0000000008001708                HAL_PWREx_DisableUCPDDeadBattery
 .text.HAL_RCC_OscConfig
                0x0000000008001728      0x624 ./Drivers/STM32G4xx_HAL_Driver/stm32g4xx_hal_rcc.o
                0x0000000008001728                HAL_RCC_OscConfig
 .text.HAL_RCC_ClockConfig
                0x0000000008001d4c      0x278 ./Drivers/STM32G4xx_HAL_Driver/stm32g4xx_hal_rcc.o
                0x0000000008001d4c                HAL_RCC_ClockConfig
 .text.HAL_RCC_GetSysClockFreq
                0x0000000008001fc4       0xc4 ./Drivers/STM32G4xx_HAL_Driver/stm32g4xx_hal_rcc.o
                0x0000000008001fc4                HAL_RCC_GetSysClockFreq
 .text.HAL_RCC_GetHCLKFreq
                0x0000000008002088       0x18 ./Drivers/STM32G4xx_HAL_Driver/stm32g4xx_hal_rcc.o
                0x0000000008002088                HAL_RCC_GetHCLKFreq
 .text.HAL_RCC_GetPCLK1Freq
                0x00000000080020a0       0x2c ./Drivers/STM32G4xx_HAL_Driver/stm32g4xx_hal_rcc.o
                0x00000000080020a0                HAL_RCC_GetPCLK1Freq
 .text.HAL_RCC_GetPCLK2Freq
                0x00000000080020cc       0x2c ./Drivers/STM32G4xx_HAL_Driver/stm32g4xx_hal_rcc.o
                0x00000000080020cc                HAL_RCC_GetPCLK2Freq
 .text.RCC_GetSysClockFreqFromPLLSource
                0x00000000080020f8       0x8c ./Drivers/STM32G4xx_HAL_Driver/stm32g4xx_hal_rcc.o
 .text.HAL_RCCEx_PeriphCLKConfig
                0x0000000008002184      0x3e0 ./Drivers/STM32G4xx_HAL_Driver/stm32g4xx_hal_rcc_ex.o
                0x0000000008002184                HAL_RCCEx_PeriphCLKConfig
 .text.HAL_TIM_Base_Init
                0x0000000008002564       0xae ./Drivers/STM32G4xx_HAL_Driver/stm32g4xx_hal_tim.o
                0x0000000008002564                HAL_TIM_Base_Init
 *fill*         0x0000000008002612        0x2 
 .text.HAL_TIM_Base_Start_IT
                0x0000000008002614       0xd4 ./Drivers/STM32G4xx_HAL_Driver/stm32g4xx_hal_tim.o
                0x0000000008002614                HAL_TIM_Base_Start_IT
 .text.HAL_TIM_PWM_Init
                0x00000000080026e8       0xae ./Drivers/STM32G4xx_HAL_Driver/stm32g4xx_hal_tim.o
                0x00000000080026e8                HAL_TIM_PWM_Init
 .text.HAL_TIM_PWM_MspInit
                0x0000000008002796       0x14 ./Drivers/STM32G4xx_HAL_Driver/stm32g4xx_hal_tim.o
                0x0000000008002796                HAL_TIM_PWM_MspInit
 .text.HAL_TIM_IRQHandler
                0x00000000080027aa      0x29e ./Drivers/STM32G4xx_HAL_Driver/stm32g4xx_hal_tim.o
                0x00000000080027aa                HAL_TIM_IRQHandler
 .text.HAL_TIM_PWM_ConfigChannel
                0x0000000008002a48      0x228 ./Drivers/STM32G4xx_HAL_Driver/stm32g4xx_hal_tim.o
                0x0000000008002a48                HAL_TIM_PWM_ConfigChannel
 .text.HAL_TIM_ConfigClockSource
                0x0000000008002c70      0x1f4 ./Drivers/STM32G4xx_HAL_Driver/stm32g4xx_hal_tim.o
                0x0000000008002c70                HAL_TIM_ConfigClockSource
 .text.HAL_TIM_PeriodElapsedCallback
                0x0000000008002e64       0x14 ./Drivers/STM32G4xx_HAL_Driver/stm32g4xx_hal_tim.o
                0x0000000008002e64                HAL_TIM_PeriodElapsedCallback
 .text.HAL_TIM_OC_DelayElapsedCallback
                0x0000000008002e78       0x14 ./Drivers/STM32G4xx_HAL_Driver/stm32g4xx_hal_tim.o
                0x0000000008002e78                HAL_TIM_OC_DelayElapsedCallback
 .text.HAL_TIM_IC_CaptureCallback
                0x0000000008002e8c       0x14 ./Drivers/STM32G4xx_HAL_Driver/stm32g4xx_hal_tim.o
                0x0000000008002e8c                HAL_TIM_IC_CaptureCallback
 .text.HAL_TIM_PWM_PulseFinishedCallback
                0x0000000008002ea0       0x14 ./Drivers/STM32G4xx_HAL_Driver/stm32g4xx_hal_tim.o
                0x0000000008002ea0                HAL_TIM_PWM_PulseFinishedCallback
 .text.HAL_TIM_TriggerCallback
                0x0000000008002eb4       0x14 ./Drivers/STM32G4xx_HAL_Driver/stm32g4xx_hal_tim.o
                0x0000000008002eb4                HAL_TIM_TriggerCallback
 .text.TIM_Base_SetConfig
                0x0000000008002ec8      0x138 ./Drivers/STM32G4xx_HAL_Driver/stm32g4xx_hal_tim.o
                0x0000000008002ec8                TIM_Base_SetConfig
 .text.TIM_OC1_SetConfig
                0x0000000008003000      0x120 ./Drivers/STM32G4xx_HAL_Driver/stm32g4xx_hal_tim.o
 .text.TIM_OC2_SetConfig
                0x0000000008003120      0x114 ./Drivers/STM32G4xx_HAL_Driver/stm32g4xx_hal_tim.o
                0x0000000008003120                TIM_OC2_SetConfig
 .text.TIM_OC3_SetConfig
                0x0000000008003234      0x110 ./Drivers/STM32G4xx_HAL_Driver/stm32g4xx_hal_tim.o
 .text.TIM_OC4_SetConfig
                0x0000000008003344      0x114 ./Drivers/STM32G4xx_HAL_Driver/stm32g4xx_hal_tim.o
 .text.TIM_OC5_SetConfig
                0x0000000008003458       0xc8 ./Drivers/STM32G4xx_HAL_Driver/stm32g4xx_hal_tim.o
 .text.TIM_OC6_SetConfig
                0x0000000008003520       0xcc ./Drivers/STM32G4xx_HAL_Driver/stm32g4xx_hal_tim.o
 .text.TIM_TI1_ConfigInputStage
                0x00000000080035ec       0x5e ./Drivers/STM32G4xx_HAL_Driver/stm32g4xx_hal_tim.o
 .text.TIM_TI2_ConfigInputStage
                0x000000000800364a       0x60 ./Drivers/STM32G4xx_HAL_Driver/stm32g4xx_hal_tim.o
 .text.TIM_ITRx_SetConfig
                0x00000000080036aa       0x3a ./Drivers/STM32G4xx_HAL_Driver/stm32g4xx_hal_tim.o
 .text.TIM_ETR_SetConfig
                0x00000000080036e4       0x40 ./Drivers/STM32G4xx_HAL_Driver/stm32g4xx_hal_tim.o
                0x00000000080036e4                TIM_ETR_SetConfig
 .text.HAL_TIMEx_MasterConfigSynchronization
                0x0000000008003724      0x104 ./Drivers/STM32G4xx_HAL_Driver/stm32g4xx_hal_tim_ex.o
                0x0000000008003724                HAL_TIMEx_MasterConfigSynchronization
 .text.HAL_TIMEx_ConfigBreakDeadTime
                0x0000000008003828      0x118 ./Drivers/STM32G4xx_HAL_Driver/stm32g4xx_hal_tim_ex.o
                0x0000000008003828                HAL_TIMEx_ConfigBreakDeadTime
 .text.HAL_TIMEx_CommutCallback
                0x0000000008003940       0x14 ./Drivers/STM32G4xx_HAL_Driver/stm32g4xx_hal_tim_ex.o
                0x0000000008003940                HAL_TIMEx_CommutCallback
 .text.HAL_TIMEx_BreakCallback
                0x0000000008003954       0x14 ./Drivers/STM32G4xx_HAL_Driver/stm32g4xx_hal_tim_ex.o
                0x0000000008003954                HAL_TIMEx_BreakCallback
 .text.HAL_TIMEx_Break2Callback
                0x0000000008003968       0x14 ./Drivers/STM32G4xx_HAL_Driver/stm32g4xx_hal_tim_ex.o
                0x0000000008003968                HAL_TIMEx_Break2Callback
 .text.HAL_TIMEx_EncoderIndexCallback
                0x000000000800397c       0x14 ./Drivers/STM32G4xx_HAL_Driver/stm32g4xx_hal_tim_ex.o
                0x000000000800397c                HAL_TIMEx_EncoderIndexCallback
 .text.HAL_TIMEx_DirectionChangeCallback
                0x0000000008003990       0x14 ./Drivers/STM32G4xx_HAL_Driver/stm32g4xx_hal_tim_ex.o
                0x0000000008003990                HAL_TIMEx_DirectionChangeCallback
 .text.HAL_TIMEx_IndexErrorCallback
                0x00000000080039a4       0x14 ./Drivers/STM32G4xx_HAL_Driver/stm32g4xx_hal_tim_ex.o
                0x00000000080039a4                HAL_TIMEx_IndexErrorCallback
 .text.HAL_TIMEx_TransitionErrorCallback
                0x00000000080039b8       0x14 ./Drivers/STM32G4xx_HAL_Driver/stm32g4xx_hal_tim_ex.o
                0x00000000080039b8                HAL_TIMEx_TransitionErrorCallback
 .text.HAL_UART_Init
                0x00000000080039cc       0xa0 ./Drivers/STM32G4xx_HAL_Driver/stm32g4xx_hal_uart.o
                0x00000000080039cc                HAL_UART_Init
 .text.HAL_UART_Transmit
                0x0000000008003a6c      0x11c ./Drivers/STM32G4xx_HAL_Driver/stm32g4xx_hal_uart.o
                0x0000000008003a6c                HAL_UART_Transmit
 .text.UART_SetConfig
                0x0000000008003b88      0x598 ./Drivers/STM32G4xx_HAL_Driver/stm32g4xx_hal_uart.o
                0x0000000008003b88                UART_SetConfig
 .text.UART_AdvFeatureConfig
                0x0000000008004120      0x144 ./Drivers/STM32G4xx_HAL_Driver/stm32g4xx_hal_uart.o
                0x0000000008004120                UART_AdvFeatureConfig
 .text.UART_CheckIdleState
                0x0000000008004264      0x154 ./Drivers/STM32G4xx_HAL_Driver/stm32g4xx_hal_uart.o
                0x0000000008004264                UART_CheckIdleState
 .text.UART_WaitOnFlagUntilTimeout
                0x00000000080043b8       0xda ./Drivers/STM32G4xx_HAL_Driver/stm32g4xx_hal_uart.o
                0x00000000080043b8                UART_WaitOnFlagUntilTimeout
 .text.UART_EndRxTransfer
                0x0000000008004492       0xcc ./Drivers/STM32G4xx_HAL_Driver/stm32g4xx_hal_uart.o
 .text.HAL_UARTEx_DisableFifoMode
                0x000000000800455e       0x72 ./Drivers/STM32G4xx_HAL_Driver/stm32g4xx_hal_uart_ex.o
                0x000000000800455e                HAL_UARTEx_DisableFifoMode
 .text.HAL_UARTEx_SetTxFifoThreshold
                0x00000000080045d0       0x7c ./Drivers/STM32G4xx_HAL_Driver/stm32g4xx_hal_uart_ex.o
                0x00000000080045d0                HAL_UARTEx_SetTxFifoThreshold
 .text.HAL_UARTEx_SetRxFifoThreshold
                0x000000000800464c       0x7c ./Drivers/STM32G4xx_HAL_Driver/stm32g4xx_hal_uart_ex.o
                0x000000000800464c                HAL_UARTEx_SetRxFifoThreshold
 .text.UARTEx_SetNbDataToProcess
                0x00000000080046c8       0x9c ./Drivers/STM32G4xx_HAL_Driver/stm32g4xx_hal_uart_ex.o
 .text.LL_TIM_EnableCounter
                0x0000000008004764       0x20 ./pmsm/pmsm.o
 .text.LL_TIM_DisableCounter
                0x0000000008004784       0x20 ./pmsm/pmsm.o
 .text.LL_TIM_SetCounter
                0x00000000080047a4       0x1c ./pmsm/pmsm.o
 .text.LL_TIM_GetCounter
                0x00000000080047c0       0x18 ./pmsm/pmsm.o
 .text.LL_TIM_SetAutoReload
                0x00000000080047d8       0x1c ./pmsm/pmsm.o
 .text.LL_TIM_CC_EnableChannel
                0x00000000080047f4       0x22 ./pmsm/pmsm.o
 .text.LL_TIM_CC_DisableChannel
                0x0000000008004816       0x24 ./pmsm/pmsm.o
 *fill*         0x000000000800483a        0x2 
 .text.LL_TIM_OC_SetMode
                0x000000000800483c       0xc4 ./pmsm/pmsm.o
 .text.LL_TIM_OC_SetCompareCH1
                0x0000000008004900       0x1c ./pmsm/pmsm.o
 .text.LL_TIM_OC_SetCompareCH2
                0x000000000800491c       0x1c ./pmsm/pmsm.o
 .text.LL_TIM_OC_SetCompareCH3
                0x0000000008004938       0x1c ./pmsm/pmsm.o
 .text.LL_TIM_EnableAllOutputs
                0x0000000008004954       0x20 ./pmsm/pmsm.o
 .text.PMSM_MotorSpeedIsOK
                0x0000000008004974       0x3c ./pmsm/pmsm.o
 .text.PMSM_GetState
                0x00000000080049b0       0x78 ./pmsm/pmsm.o
 .text.PMSM_SetPWM_UVW
                0x0000000008004a28       0x44 ./pmsm/pmsm.o
                0x0000000008004a28                PMSM_SetPWM_UVW
 .text.pmsm_init
                0x0000000008004a6c       0x5c ./pmsm/pmsm.o
                0x0000000008004a6c                pmsm_init
 .text.pmsm_EXTI9_5_IRQHandler
                0x0000000008004ac8      0x11c ./pmsm/pmsm.o
                0x0000000008004ac8                pmsm_EXTI9_5_IRQHandler
 .text.pmsm_sin_table_timer4_handler
                0x0000000008004be4      0x158 ./pmsm/pmsm.o
                0x0000000008004be4                pmsm_sin_table_timer4_handler
 .text.pmsm_timer3_update_handler
                0x0000000008004d3c       0x16 ./pmsm/pmsm.o
                0x0000000008004d3c                pmsm_timer3_update_handler
 *fill*         0x0000000008004d52        0x2 
 .text.pmsm_motor_stop
                0x0000000008004d54       0x58 ./pmsm/pmsm.o
                0x0000000008004d54                pmsm_motor_stop
 .text.pmsm_hall_sensors_get_position
                0x0000000008004dac       0x28 ./pmsm/pmsm.o
                0x0000000008004dac                pmsm_hall_sensors_get_position
 .text.pmsm_motor_commutation
                0x0000000008004dd4      0x148 ./pmsm/pmsm.o
                0x0000000008004dd4                pmsm_motor_commutation
 .text.pmsm_motor_set_run
                0x0000000008004f1c       0x18 ./pmsm/pmsm.o
                0x0000000008004f1c                pmsm_motor_set_run
 .text.pmsm_set_PWM
                0x0000000008004f34       0x48 ./pmsm/pmsm.o
                0x0000000008004f34                pmsm_set_PWM
 .text.std      0x0000000008004f7c       0x6c C:/ST/STM32CubeIDE_1.14.1/STM32CubeIDE/plugins/com.st.stm32cube.ide.mcu.externaltools.gnu-tools-for-stm32.11.3.rel1.win32_1.1.100.202309141235/tools/bin/../lib/gcc/arm-none-eabi/11.3.1/../../../../arm-none-eabi/lib/thumb/v7e-m+fp/hard\libc_nano.a(libc_a-findfp.o)
 .text.stdio_exit_handler
                0x0000000008004fe8       0x18 C:/ST/STM32CubeIDE_1.14.1/STM32CubeIDE/plugins/com.st.stm32cube.ide.mcu.externaltools.gnu-tools-for-stm32.11.3.rel1.win32_1.1.100.202309141235/tools/bin/../lib/gcc/arm-none-eabi/11.3.1/../../../../arm-none-eabi/lib/thumb/v7e-m+fp/hard\libc_nano.a(libc_a-findfp.o)
 .text.cleanup_stdio
                0x0000000008005000       0x40 C:/ST/STM32CubeIDE_1.14.1/STM32CubeIDE/plugins/com.st.stm32cube.ide.mcu.externaltools.gnu-tools-for-stm32.11.3.rel1.win32_1.1.100.202309141235/tools/bin/../lib/gcc/arm-none-eabi/11.3.1/../../../../arm-none-eabi/lib/thumb/v7e-m+fp/hard\libc_nano.a(libc_a-findfp.o)
 .text.global_stdio_init.part.0
                0x0000000008005040       0x3c C:/ST/STM32CubeIDE_1.14.1/STM32CubeIDE/plugins/com.st.stm32cube.ide.mcu.externaltools.gnu-tools-for-stm32.11.3.rel1.win32_1.1.100.202309141235/tools/bin/../lib/gcc/arm-none-eabi/11.3.1/../../../../arm-none-eabi/lib/thumb/v7e-m+fp/hard\libc_nano.a(libc_a-findfp.o)
 .text.__sfp_lock_acquire
                0x000000000800507c        0xc C:/ST/STM32CubeIDE_1.14.1/STM32CubeIDE/plugins/com.st.stm32cube.ide.mcu.externaltools.gnu-tools-for-stm32.11.3.rel1.win32_1.1.100.202309141235/tools/bin/../lib/gcc/arm-none-eabi/11.3.1/../../../../arm-none-eabi/lib/thumb/v7e-m+fp/hard\libc_nano.a(libc_a-findfp.o)
                0x000000000800507c                __sfp_lock_acquire
 .text.__sfp_lock_release
                0x0000000008005088        0xc C:/ST/STM32CubeIDE_1.14.1/STM32CubeIDE/plugins/com.st.stm32cube.ide.mcu.externaltools.gnu-tools-for-stm32.11.3.rel1.win32_1.1.100.202309141235/tools/bin/../lib/gcc/arm-none-eabi/11.3.1/../../../../arm-none-eabi/lib/thumb/v7e-m+fp/hard\libc_nano.a(libc_a-findfp.o)
                0x0000000008005088                __sfp_lock_release
 .text.__sinit  0x0000000008005094       0x30 C:/ST/STM32CubeIDE_1.14.1/STM32CubeIDE/plugins/com.st.stm32cube.ide.mcu.externaltools.gnu-tools-for-stm32.11.3.rel1.win32_1.1.100.202309141235/tools/bin/../lib/gcc/arm-none-eabi/11.3.1/../../../../arm-none-eabi/lib/thumb/v7e-m+fp/hard\libc_nano.a(libc_a-findfp.o)
                0x0000000008005094                __sinit
 .text._fwalk_sglue
                0x00000000080050c4       0x3c C:/ST/STM32CubeIDE_1.14.1/STM32CubeIDE/plugins/com.st.stm32cube.ide.mcu.externaltools.gnu-tools-for-stm32.11.3.rel1.win32_1.1.100.202309141235/tools/bin/../lib/gcc/arm-none-eabi/11.3.1/../../../../arm-none-eabi/lib/thumb/v7e-m+fp/hard\libc_nano.a(libc_a-fwalk.o)
                0x00000000080050c4                _fwalk_sglue
 .text.setbuf   0x0000000008005100       0x10 C:/ST/STM32CubeIDE_1.14.1/STM32CubeIDE/plugins/com.st.stm32cube.ide.mcu.externaltools.gnu-tools-for-stm32.11.3.rel1.win32_1.1.100.202309141235/tools/bin/../lib/gcc/arm-none-eabi/11.3.1/../../../../arm-none-eabi/lib/thumb/v7e-m+fp/hard\libc_nano.a(libc_a-setbuf.o)
                0x0000000008005100                setbuf
 .text.setvbuf  0x0000000008005110      0x15c C:/ST/STM32CubeIDE_1.14.1/STM32CubeIDE/plugins/com.st.stm32cube.ide.mcu.externaltools.gnu-tools-for-stm32.11.3.rel1.win32_1.1.100.202309141235/tools/bin/../lib/gcc/arm-none-eabi/11.3.1/../../../../arm-none-eabi/lib/thumb/v7e-m+fp/hard\libc_nano.a(libc_a-setvbuf.o)
                0x0000000008005110                setvbuf
 .text.__sread  0x000000000800526c       0x22 C:/ST/STM32CubeIDE_1.14.1/STM32CubeIDE/plugins/com.st.stm32cube.ide.mcu.externaltools.gnu-tools-for-stm32.11.3.rel1.win32_1.1.100.202309141235/tools/bin/../lib/gcc/arm-none-eabi/11.3.1/../../../../arm-none-eabi/lib/thumb/v7e-m+fp/hard\libc_nano.a(libc_a-stdio.o)
                0x000000000800526c                __sread
 .text.__swrite
                0x000000000800528e       0x38 C:/ST/STM32CubeIDE_1.14.1/STM32CubeIDE/plugins/com.st.stm32cube.ide.mcu.externaltools.gnu-tools-for-stm32.11.3.rel1.win32_1.1.100.202309141235/tools/bin/../lib/gcc/arm-none-eabi/11.3.1/../../../../arm-none-eabi/lib/thumb/v7e-m+fp/hard\libc_nano.a(libc_a-stdio.o)
                0x000000000800528e                __swrite
 .text.__sseek  0x00000000080052c6       0x24 C:/ST/STM32CubeIDE_1.14.1/STM32CubeIDE/plugins/com.st.stm32cube.ide.mcu.externaltools.gnu-tools-for-stm32.11.3.rel1.win32_1.1.100.202309141235/tools/bin/../lib/gcc/arm-none-eabi/11.3.1/../../../../arm-none-eabi/lib/thumb/v7e-m+fp/hard\libc_nano.a(libc_a-stdio.o)
                0x00000000080052c6                __sseek
 .text.__sclose
                0x00000000080052ea        0x8 C:/ST/STM32CubeIDE_1.14.1/STM32CubeIDE/plugins/com.st.stm32cube.ide.mcu.externaltools.gnu-tools-for-stm32.11.3.rel1.win32_1.1.100.202309141235/tools/bin/../lib/gcc/arm-none-eabi/11.3.1/../../../../arm-none-eabi/lib/thumb/v7e-m+fp/hard\libc_nano.a(libc_a-stdio.o)
                0x00000000080052ea                __sclose
 .text.memset   0x00000000080052f2       0x10 C:/ST/STM32CubeIDE_1.14.1/STM32CubeIDE/plugins/com.st.stm32cube.ide.mcu.externaltools.gnu-tools-for-stm32.11.3.rel1.win32_1.1.100.202309141235/tools/bin/../lib/gcc/arm-none-eabi/11.3.1/../../../../arm-none-eabi/lib/thumb/v7e-m+fp/hard\libc_nano.a(libc_a-memset.o)
                0x00000000080052f2                memset
 *fill*         0x0000000008005302        0x2 
 .text._close_r
                0x0000000008005304       0x20 C:/ST/STM32CubeIDE_1.14.1/STM32CubeIDE/plugins/com.st.stm32cube.ide.mcu.externaltools.gnu-tools-for-stm32.11.3.rel1.win32_1.1.100.202309141235/tools/bin/../lib/gcc/arm-none-eabi/11.3.1/../../../../arm-none-eabi/lib/thumb/v7e-m+fp/hard\libc_nano.a(libc_a-closer.o)
                0x0000000008005304                _close_r
 .text._lseek_r
                0x0000000008005324       0x24 C:/ST/STM32CubeIDE_1.14.1/STM32CubeIDE/plugins/com.st.stm32cube.ide.mcu.externaltools.gnu-tools-for-stm32.11.3.rel1.win32_1.1.100.202309141235/tools/bin/../lib/gcc/arm-none-eabi/11.3.1/../../../../arm-none-eabi/lib/thumb/v7e-m+fp/hard\libc_nano.a(libc_a-lseekr.o)
                0x0000000008005324                _lseek_r
 .text._read_r  0x0000000008005348       0x24 C:/ST/STM32CubeIDE_1.14.1/STM32CubeIDE/plugins/com.st.stm32cube.ide.mcu.externaltools.gnu-tools-for-stm32.11.3.rel1.win32_1.1.100.202309141235/tools/bin/../lib/gcc/arm-none-eabi/11.3.1/../../../../arm-none-eabi/lib/thumb/v7e-m+fp/hard\libc_nano.a(libc_a-readr.o)
                0x0000000008005348                _read_r
 .text._write_r
                0x000000000800536c       0x24 C:/ST/STM32CubeIDE_1.14.1/STM32CubeIDE/plugins/com.st.stm32cube.ide.mcu.externaltools.gnu-tools-for-stm32.11.3.rel1.win32_1.1.100.202309141235/tools/bin/../lib/gcc/arm-none-eabi/11.3.1/../../../../arm-none-eabi/lib/thumb/v7e-m+fp/hard\libc_nano.a(libc_a-writer.o)
                0x000000000800536c                _write_r
 .text.__errno  0x0000000008005390        0xc C:/ST/STM32CubeIDE_1.14.1/STM32CubeIDE/plugins/com.st.stm32cube.ide.mcu.externaltools.gnu-tools-for-stm32.11.3.rel1.win32_1.1.100.202309141235/tools/bin/../lib/gcc/arm-none-eabi/11.3.1/../../../../arm-none-eabi/lib/thumb/v7e-m+fp/hard\libc_nano.a(libc_a-errno.o)
                0x0000000008005390                __errno
 .text.__libc_init_array
                0x000000000800539c       0x48 C:/ST/STM32CubeIDE_1.14.1/STM32CubeIDE/plugins/com.st.stm32cube.ide.mcu.externaltools.gnu-tools-for-stm32.11.3.rel1.win32_1.1.100.202309141235/tools/bin/../lib/gcc/arm-none-eabi/11.3.1/../../../../arm-none-eabi/lib/thumb/v7e-m+fp/hard\libc_nano.a(libc_a-init.o)
                0x000000000800539c                __libc_init_array
 .text.__retarget_lock_init_recursive
                0x00000000080053e4        0x2 C:/ST/STM32CubeIDE_1.14.1/STM32CubeIDE/plugins/com.st.stm32cube.ide.mcu.externaltools.gnu-tools-for-stm32.11.3.rel1.win32_1.1.100.202309141235/tools/bin/../lib/gcc/arm-none-eabi/11.3.1/../../../../arm-none-eabi/lib/thumb/v7e-m+fp/hard\libc_nano.a(libc_a-lock.o)
                0x00000000080053e4                __retarget_lock_init_recursive
 .text.__retarget_lock_acquire_recursive
                0x00000000080053e6        0x2 C:/ST/STM32CubeIDE_1.14.1/STM32CubeIDE/plugins/com.st.stm32cube.ide.mcu.externaltools.gnu-tools-for-stm32.11.3.rel1.win32_1.1.100.202309141235/tools/bin/../lib/gcc/arm-none-eabi/11.3.1/../../../../arm-none-eabi/lib/thumb/v7e-m+fp/hard\libc_nano.a(libc_a-lock.o)
                0x00000000080053e6                __retarget_lock_acquire_recursive
 .text.__retarget_lock_release_recursive
                0x00000000080053e8        0x2 C:/ST/STM32CubeIDE_1.14.1/STM32CubeIDE/plugins/com.st.stm32cube.ide.mcu.externaltools.gnu-tools-for-stm32.11.3.rel1.win32_1.1.100.202309141235/tools/bin/../lib/gcc/arm-none-eabi/11.3.1/../../../../arm-none-eabi/lib/thumb/v7e-m+fp/hard\libc_nano.a(libc_a-lock.o)
                0x00000000080053e8                __retarget_lock_release_recursive
 *fill*         0x00000000080053ea        0x2 
 .text._free_r  0x00000000080053ec       0x98 C:/ST/STM32CubeIDE_1.14.1/STM32CubeIDE/plugins/com.st.stm32cube.ide.mcu.externaltools.gnu-tools-for-stm32.11.3.rel1.win32_1.1.100.202309141235/tools/bin/../lib/gcc/arm-none-eabi/11.3.1/../../../../arm-none-eabi/lib/thumb/v7e-m+fp/hard\libc_nano.a(libc_a-freer.o)
                0x00000000080053ec                _free_r
 .text.malloc   0x0000000008005484       0x10 C:/ST/STM32CubeIDE_1.14.1/STM32CubeIDE/plugins/com.st.stm32cube.ide.mcu.externaltools.gnu-tools-for-stm32.11.3.rel1.win32_1.1.100.202309141235/tools/bin/../lib/gcc/arm-none-eabi/11.3.1/../../../../arm-none-eabi/lib/thumb/v7e-m+fp/hard\libc_nano.a(libc_a-malloc.o)
                0x0000000008005484                malloc
 .text.sbrk_aligned
                0x0000000008005494       0x40 C:/ST/STM32CubeIDE_1.14.1/STM32CubeIDE/plugins/com.st.stm32cube.ide.mcu.externaltools.gnu-tools-for-stm32.11.3.rel1.win32_1.1.100.202309141235/tools/bin/../lib/gcc/arm-none-eabi/11.3.1/../../../../arm-none-eabi/lib/thumb/v7e-m+fp/hard\libc_nano.a(libc_a-mallocr.o)
 .text._malloc_r
                0x00000000080054d4      0x100 C:/ST/STM32CubeIDE_1.14.1/STM32CubeIDE/plugins/com.st.stm32cube.ide.mcu.externaltools.gnu-tools-for-stm32.11.3.rel1.win32_1.1.100.202309141235/tools/bin/../lib/gcc/arm-none-eabi/11.3.1/../../../../arm-none-eabi/lib/thumb/v7e-m+fp/hard\libc_nano.a(libc_a-mallocr.o)
                0x00000000080054d4                _malloc_r
 .text.__malloc_lock
                0x00000000080055d4        0xc C:/ST/STM32CubeIDE_1.14.1/STM32CubeIDE/plugins/com.st.stm32cube.ide.mcu.externaltools.gnu-tools-for-stm32.11.3.rel1.win32_1.1.100.202309141235/tools/bin/../lib/gcc/arm-none-eabi/11.3.1/../../../../arm-none-eabi/lib/thumb/v7e-m+fp/hard\libc_nano.a(libc_a-mlock.o)
                0x00000000080055d4                __malloc_lock
 .text.__malloc_unlock
                0x00000000080055e0        0xc C:/ST/STM32CubeIDE_1.14.1/STM32CubeIDE/plugins/com.st.stm32cube.ide.mcu.externaltools.gnu-tools-for-stm32.11.3.rel1.win32_1.1.100.202309141235/tools/bin/../lib/gcc/arm-none-eabi/11.3.1/../../../../arm-none-eabi/lib/thumb/v7e-m+fp/hard\libc_nano.a(libc_a-mlock.o)
                0x00000000080055e0                __malloc_unlock
 .text.__sflush_r
                0x00000000080055ec      0x10c C:/ST/STM32CubeIDE_1.14.1/STM32CubeIDE/plugins/com.st.stm32cube.ide.mcu.externaltools.gnu-tools-for-stm32.11.3.rel1.win32_1.1.100.202309141235/tools/bin/../lib/gcc/arm-none-eabi/11.3.1/../../../../arm-none-eabi/lib/thumb/v7e-m+fp/hard\libc_nano.a(libc_a-fflush.o)
                0x00000000080055ec                __sflush_r
 .text._fflush_r
                0x00000000080056f8       0x50 C:/ST/STM32CubeIDE_1.14.1/STM32CubeIDE/plugins/com.st.stm32cube.ide.mcu.externaltools.gnu-tools-for-stm32.11.3.rel1.win32_1.1.100.202309141235/tools/bin/../lib/gcc/arm-none-eabi/11.3.1/../../../../arm-none-eabi/lib/thumb/v7e-m+fp/hard\libc_nano.a(libc_a-fflush.o)
                0x00000000080056f8                _fflush_r
 .text.__swhatbuf_r
                0x0000000008005748       0x4c C:/ST/STM32CubeIDE_1.14.1/STM32CubeIDE/plugins/com.st.stm32cube.ide.mcu.externaltools.gnu-tools-for-stm32.11.3.rel1.win32_1.1.100.202309141235/tools/bin/../lib/gcc/arm-none-eabi/11.3.1/../../../../arm-none-eabi/lib/thumb/v7e-m+fp/hard\libc_nano.a(libc_a-makebuf.o)
                0x0000000008005748                __swhatbuf_r
 .text._fstat_r
                0x0000000008005794       0x24 C:/ST/STM32CubeIDE_1.14.1/STM32CubeIDE/plugins/com.st.stm32cube.ide.mcu.externaltools.gnu-tools-for-stm32.11.3.rel1.win32_1.1.100.202309141235/tools/bin/../lib/gcc/arm-none-eabi/11.3.1/../../../../arm-none-eabi/lib/thumb/v7e-m+fp/hard\libc_nano.a(libc_a-fstatr.o)
                0x0000000008005794                _fstat_r
 .text._sbrk_r  0x00000000080057b8       0x20 C:/ST/STM32CubeIDE_1.14.1/STM32CubeIDE/plugins/com.st.stm32cube.ide.mcu.externaltools.gnu-tools-for-stm32.11.3.rel1.win32_1.1.100.202309141235/tools/bin/../lib/gcc/arm-none-eabi/11.3.1/../../../../arm-none-eabi/lib/thumb/v7e-m+fp/hard\libc_nano.a(libc_a-sbrkr.o)
                0x00000000080057b8                _sbrk_r
 *(.glue_7)
 .glue_7        0x00000000080057d8        0x0 linker stubs
 *(.glue_7t)
 .glue_7t       0x00000000080057d8        0x0 linker stubs
 *(.eh_frame)
 .eh_frame      0x00000000080057d8        0x0 C:/ST/STM32CubeIDE_1.14.1/STM32CubeIDE/plugins/com.st.stm32cube.ide.mcu.externaltools.gnu-tools-for-stm32.11.3.rel1.win32_1.1.100.202309141235/tools/bin/../lib/gcc/arm-none-eabi/11.3.1/thumb/v7e-m+fp/hard/crtbegin.o
 *(.init)
 .init          0x00000000080057d8        0x4 C:/ST/STM32CubeIDE_1.14.1/STM32CubeIDE/plugins/com.st.stm32cube.ide.mcu.externaltools.gnu-tools-for-stm32.11.3.rel1.win32_1.1.100.202309141235/tools/bin/../lib/gcc/arm-none-eabi/11.3.1/thumb/v7e-m+fp/hard/crti.o
                0x00000000080057d8                _init
 .init          0x00000000080057dc        0x8 C:/ST/STM32CubeIDE_1.14.1/STM32CubeIDE/plugins/com.st.stm32cube.ide.mcu.externaltools.gnu-tools-for-stm32.11.3.rel1.win32_1.1.100.202309141235/tools/bin/../lib/gcc/arm-none-eabi/11.3.1/thumb/v7e-m+fp/hard/crtn.o
 *(.fini)
 .fini          0x00000000080057e4        0x4 C:/ST/STM32CubeIDE_1.14.1/STM32CubeIDE/plugins/com.st.stm32cube.ide.mcu.externaltools.gnu-tools-for-stm32.11.3.rel1.win32_1.1.100.202309141235/tools/bin/../lib/gcc/arm-none-eabi/11.3.1/thumb/v7e-m+fp/hard/crti.o
                0x00000000080057e4                _fini
 .fini          0x00000000080057e8        0x8 C:/ST/STM32CubeIDE_1.14.1/STM32CubeIDE/plugins/com.st.stm32cube.ide.mcu.externaltools.gnu-tools-for-stm32.11.3.rel1.win32_1.1.100.202309141235/tools/bin/../lib/gcc/arm-none-eabi/11.3.1/thumb/v7e-m+fp/hard/crtn.o
                0x00000000080057f0                . = ALIGN (0x4)
                0x00000000080057f0                _etext = .

.vfp11_veneer   0x00000000080057f0        0x0
 .vfp11_veneer  0x00000000080057f0        0x0 linker stubs

.v4_bx          0x00000000080057f0        0x0
 .v4_bx         0x00000000080057f0        0x0 linker stubs

.iplt           0x00000000080057f0        0x0
 .iplt          0x00000000080057f0        0x0 C:/ST/STM32CubeIDE_1.14.1/STM32CubeIDE/plugins/com.st.stm32cube.ide.mcu.externaltools.gnu-tools-for-stm32.11.3.rel1.win32_1.1.100.202309141235/tools/bin/../lib/gcc/arm-none-eabi/11.3.1/thumb/v7e-m+fp/hard/crtbegin.o

.rodata         0x00000000080057f0      0x308
                0x00000000080057f0                . = ALIGN (0x4)
 *(.rodata)
 *(.rodata*)
 .rodata.AHBPrescTable
                0x00000000080057f0       0x10 ./Drivers/CMSIS/system_stm32g4xx.o
                0x00000000080057f0                AHBPrescTable
 .rodata.APBPrescTable
                0x0000000008005800        0x8 ./Drivers/CMSIS/system_stm32g4xx.o
                0x0000000008005800                APBPrescTable
 .rodata.UARTPrescTable
                0x0000000008005808       0x18 ./Drivers/STM32G4xx_HAL_Driver/stm32g4xx_hal_uart.o
                0x0000000008005808                UARTPrescTable
 .rodata.numerator.1
                0x0000000008005820        0x8 ./Drivers/STM32G4xx_HAL_Driver/stm32g4xx_hal_uart_ex.o
 .rodata.denominator.0
                0x0000000008005828        0x8 ./Drivers/STM32G4xx_HAL_Driver/stm32g4xx_hal_uart_ex.o
 .rodata.OFFSET_TAB_CCMRx
                0x0000000008005830        0xa ./pmsm/pmsm.o
 *fill*         0x000000000800583a        0x2 
 .rodata.SHIFT_TAB_OCxx
                0x000000000800583c        0xa ./pmsm/pmsm.o
 *fill*         0x0000000008005846        0x2 
 .rodata.BLDC_BRIDGE_STATE_FORWARD
                0x0000000008005848       0x30 ./pmsm/pmsm.o
 .rodata.PMSM_BRIDGE_STATE_BACKWARD
                0x0000000008005878       0x30 ./pmsm/pmsm.o
 .rodata.PMSM_SINTABLE
                0x00000000080058a8      0x240 ./pmsm/pmsm.o
 .rodata.PMSM_STATE_TABLE_INDEX_FORWARD
                0x0000000008005ae8        0x8 ./pmsm/pmsm.o
 .rodata.PMSM_STATE_TABLE_INDEX_BACKWARD
                0x0000000008005af0        0x8 ./pmsm/pmsm.o
                0x0000000008005af8                . = ALIGN (0x4)

.ARM.extab      0x0000000008005af8        0x0
                0x0000000008005af8                . = ALIGN (0x4)
 *(.ARM.extab* .gnu.linkonce.armextab.*)
                0x0000000008005af8                . = ALIGN (0x4)

.ARM            0x0000000008005af8        0x8
                0x0000000008005af8                . = ALIGN (0x4)
                0x0000000008005af8                __exidx_start = .
 *(.ARM.exidx*)
 .ARM.exidx     0x0000000008005af8        0x8 C:/ST/STM32CubeIDE_1.14.1/STM32CubeIDE/plugins/com.st.stm32cube.ide.mcu.externaltools.gnu-tools-for-stm32.11.3.rel1.win32_1.1.100.202309141235/tools/bin/../lib/gcc/arm-none-eabi/11.3.1/thumb/v7e-m+fp/hard\libgcc.a(_udivmoddi4.o)
                0x0000000008005b00                __exidx_end = .
                0x0000000008005b00                . = ALIGN (0x4)

.rel.dyn        0x0000000008005b00        0x0
 .rel.iplt      0x0000000008005b00        0x0 C:/ST/STM32CubeIDE_1.14.1/STM32CubeIDE/plugins/com.st.stm32cube.ide.mcu.externaltools.gnu-tools-for-stm32.11.3.rel1.win32_1.1.100.202309141235/tools/bin/../lib/gcc/arm-none-eabi/11.3.1/thumb/v7e-m+fp/hard/crtbegin.o

.preinit_array  0x0000000008005b00        0x0
                0x0000000008005b00                . = ALIGN (0x4)
                0x0000000008005b00                PROVIDE (__preinit_array_start = .)
 *(.preinit_array*)
                0x0000000008005b00                PROVIDE (__preinit_array_end = .)
                0x0000000008005b00                . = ALIGN (0x4)

.init_array     0x0000000008005b00        0x4
                0x0000000008005b00                . = ALIGN (0x4)
                0x0000000008005b00                PROVIDE (__init_array_start = .)
 *(SORT_BY_NAME(.init_array.*))
 *(.init_array*)
 .init_array    0x0000000008005b00        0x4 C:/ST/STM32CubeIDE_1.14.1/STM32CubeIDE/plugins/com.st.stm32cube.ide.mcu.externaltools.gnu-tools-for-stm32.11.3.rel1.win32_1.1.100.202309141235/tools/bin/../lib/gcc/arm-none-eabi/11.3.1/thumb/v7e-m+fp/hard/crtbegin.o
                0x0000000008005b04                PROVIDE (__init_array_end = .)
                0x0000000008005b04                . = ALIGN (0x4)

.fini_array     0x0000000008005b04        0x4
                0x0000000008005b04                . = ALIGN (0x4)
                [!provide]                        PROVIDE (__fini_array_start = .)
 *(SORT_BY_NAME(.fini_array.*))
 *(.fini_array*)
 .fini_array    0x0000000008005b04        0x4 C:/ST/STM32CubeIDE_1.14.1/STM32CubeIDE/plugins/com.st.stm32cube.ide.mcu.externaltools.gnu-tools-for-stm32.11.3.rel1.win32_1.1.100.202309141235/tools/bin/../lib/gcc/arm-none-eabi/11.3.1/thumb/v7e-m+fp/hard/crtbegin.o
                [!provide]                        PROVIDE (__fini_array_end = .)
                0x0000000008005b08                . = ALIGN (0x4)
                0x0000000008005b08                _sidata = LOADADDR (.data)

.data           0x0000000020000000       0x6c load address 0x0000000008005b08
                0x0000000020000000                . = ALIGN (0x4)
                0x0000000020000000                _sdata = .
 *(.data)
 *(.data*)
 .data.SystemCoreClock
                0x0000000020000000        0x4 ./Drivers/CMSIS/system_stm32g4xx.o
                0x0000000020000000                SystemCoreClock
 .data.uwTickPrio
                0x0000000020000004        0x4 ./Drivers/STM32G4xx_HAL_Driver/stm32g4xx_hal.o
                0x0000000020000004                uwTickPrio
 .data.uwTickFreq
                0x0000000020000008        0x4 ./Drivers/STM32G4xx_HAL_Driver/stm32g4xx_hal.o
                0x0000000020000008                uwTickFreq
 .data.PMSM_Timing
                0x000000002000000c        0x1 ./pmsm/pmsm.o
 *fill*         0x000000002000000d        0x3 
 .data.__sglue  0x0000000020000010        0xc C:/ST/STM32CubeIDE_1.14.1/STM32CubeIDE/plugins/com.st.stm32cube.ide.mcu.externaltools.gnu-tools-for-stm32.11.3.rel1.win32_1.1.100.202309141235/tools/bin/../lib/gcc/arm-none-eabi/11.3.1/../../../../arm-none-eabi/lib/thumb/v7e-m+fp/hard\libc_nano.a(libc_a-findfp.o)
                0x0000000020000010                __sglue
 .data._impure_data
                0x000000002000001c       0x4c C:/ST/STM32CubeIDE_1.14.1/STM32CubeIDE/plugins/com.st.stm32cube.ide.mcu.externaltools.gnu-tools-for-stm32.11.3.rel1.win32_1.1.100.202309141235/tools/bin/../lib/gcc/arm-none-eabi/11.3.1/../../../../arm-none-eabi/lib/thumb/v7e-m+fp/hard\libc_nano.a(libc_a-impure.o)
                0x000000002000001c                _impure_data
 .data._impure_ptr
                0x0000000020000068        0x4 C:/ST/STM32CubeIDE_1.14.1/STM32CubeIDE/plugins/com.st.stm32cube.ide.mcu.externaltools.gnu-tools-for-stm32.11.3.rel1.win32_1.1.100.202309141235/tools/bin/../lib/gcc/arm-none-eabi/11.3.1/../../../../arm-none-eabi/lib/thumb/v7e-m+fp/hard\libc_nano.a(libc_a-impure.o)
                0x0000000020000068                _impure_ptr
 *(.RamFunc)
 *(.RamFunc*)
                0x000000002000006c                . = ALIGN (0x4)
                0x000000002000006c                _edata = .

.igot.plt       0x000000002000006c        0x0 load address 0x0000000008005b74
 .igot.plt      0x000000002000006c        0x0 C:/ST/STM32CubeIDE_1.14.1/STM32CubeIDE/plugins/com.st.stm32cube.ide.mcu.externaltools.gnu-tools-for-stm32.11.3.rel1.win32_1.1.100.202309141235/tools/bin/../lib/gcc/arm-none-eabi/11.3.1/thumb/v7e-m+fp/hard/crtbegin.o
                0x000000002000006c                . = ALIGN (0x4)

.bss            0x000000002000006c      0x300 load address 0x0000000008005b74
                0x000000002000006c                _sbss = .
                0x000000002000006c                __bss_start__ = _sbss
 *(.bss)
 .bss           0x000000002000006c       0x1c C:/ST/STM32CubeIDE_1.14.1/STM32CubeIDE/plugins/com.st.stm32cube.ide.mcu.externaltools.gnu-tools-for-stm32.11.3.rel1.win32_1.1.100.202309141235/tools/bin/../lib/gcc/arm-none-eabi/11.3.1/thumb/v7e-m+fp/hard/crtbegin.o
 *(.bss*)
 .bss.__sbrk_heap_end
                0x0000000020000088        0x4 ./Application/User/sysmem.o
 .bss.htim1     0x000000002000008c       0x4c ./Application/User/tim.o
                0x000000002000008c                htim1
 .bss.htim3     0x00000000200000d8       0x4c ./Application/User/tim.o
                0x00000000200000d8                htim3
 .bss.htim4     0x0000000020000124       0x4c ./Application/User/tim.o
                0x0000000020000124                htim4
 .bss.huart1    0x0000000020000170       0x94 ./Application/User/usart.o
                0x0000000020000170                huart1
 .bss.uwTick    0x0000000020000204        0x4 ./Drivers/STM32G4xx_HAL_Driver/stm32g4xx_hal.o
                0x0000000020000204                uwTick
 .bss.PMSM_State
                0x0000000020000208        0x6 ./pmsm/pmsm.o
                0x0000000020000208                PMSM_State
 .bss.PMSM_Sensors
                0x000000002000020e        0x1 ./pmsm/pmsm.o
                0x000000002000020e                PMSM_Sensors
 *fill*         0x000000002000020f        0x1 
 .bss.PMSM_Speed_prev
                0x0000000020000210        0x2 ./pmsm/pmsm.o
                0x0000000020000210                PMSM_Speed_prev
 .bss.PMSM_Speed
                0x0000000020000212        0x2 ./pmsm/pmsm.o
                0x0000000020000212                PMSM_Speed
 .bss.PMSM_ModeEnabled
                0x0000000020000214        0x1 ./pmsm/pmsm.o
                0x0000000020000214                PMSM_ModeEnabled
 .bss.PMSM_MotorRunFlag
                0x0000000020000215        0x1 ./pmsm/pmsm.o
                0x0000000020000215                PMSM_MotorRunFlag
 .bss.PMSM_PWM  0x0000000020000216        0x2 ./pmsm/pmsm.o
                0x0000000020000216                PMSM_PWM
 .bss.PMSM_SinTableIndex
                0x0000000020000218        0x1 ./pmsm/pmsm.o
                0x0000000020000218                PMSM_SinTableIndex
 .bss.PMSM_MotorSpin
                0x0000000020000219        0x1 ./pmsm/pmsm.o
                0x0000000020000219                PMSM_MotorSpin
 .bss.sPWM1     0x000000002000021a        0x2 ./pmsm/pmsm.o
                0x000000002000021a                sPWM1
 .bss.sPWM2     0x000000002000021c        0x2 ./pmsm/pmsm.o
                0x000000002000021c                sPWM2
 .bss.sPWM3     0x000000002000021e        0x2 ./pmsm/pmsm.o
                0x000000002000021e                sPWM3
 .bss.__sf      0x0000000020000220      0x138 C:/ST/STM32CubeIDE_1.14.1/STM32CubeIDE/plugins/com.st.stm32cube.ide.mcu.externaltools.gnu-tools-for-stm32.11.3.rel1.win32_1.1.100.202309141235/tools/bin/../lib/gcc/arm-none-eabi/11.3.1/../../../../arm-none-eabi/lib/thumb/v7e-m+fp/hard\libc_nano.a(libc_a-findfp.o)
                0x0000000020000220                __sf
 .bss.__stdio_exit_handler
                0x0000000020000358        0x4 C:/ST/STM32CubeIDE_1.14.1/STM32CubeIDE/plugins/com.st.stm32cube.ide.mcu.externaltools.gnu-tools-for-stm32.11.3.rel1.win32_1.1.100.202309141235/tools/bin/../lib/gcc/arm-none-eabi/11.3.1/../../../../arm-none-eabi/lib/thumb/v7e-m+fp/hard\libc_nano.a(libc_a-findfp.o)
                0x0000000020000358                __stdio_exit_handler
 .bss.errno     0x000000002000035c        0x4 C:/ST/STM32CubeIDE_1.14.1/STM32CubeIDE/plugins/com.st.stm32cube.ide.mcu.externaltools.gnu-tools-for-stm32.11.3.rel1.win32_1.1.100.202309141235/tools/bin/../lib/gcc/arm-none-eabi/11.3.1/../../../../arm-none-eabi/lib/thumb/v7e-m+fp/hard\libc_nano.a(libc_a-reent.o)
                0x000000002000035c                errno
 .bss.__lock___malloc_recursive_mutex
                0x0000000020000360        0x1 C:/ST/STM32CubeIDE_1.14.1/STM32CubeIDE/plugins/com.st.stm32cube.ide.mcu.externaltools.gnu-tools-for-stm32.11.3.rel1.win32_1.1.100.202309141235/tools/bin/../lib/gcc/arm-none-eabi/11.3.1/../../../../arm-none-eabi/lib/thumb/v7e-m+fp/hard\libc_nano.a(libc_a-lock.o)
                0x0000000020000360                __lock___malloc_recursive_mutex
 .bss.__lock___sfp_recursive_mutex
                0x0000000020000361        0x1 C:/ST/STM32CubeIDE_1.14.1/STM32CubeIDE/plugins/com.st.stm32cube.ide.mcu.externaltools.gnu-tools-for-stm32.11.3.rel1.win32_1.1.100.202309141235/tools/bin/../lib/gcc/arm-none-eabi/11.3.1/../../../../arm-none-eabi/lib/thumb/v7e-m+fp/hard\libc_nano.a(libc_a-lock.o)
                0x0000000020000361                __lock___sfp_recursive_mutex
 *fill*         0x0000000020000362        0x2 
 .bss.__malloc_free_list
                0x0000000020000364        0x4 C:/ST/STM32CubeIDE_1.14.1/STM32CubeIDE/plugins/com.st.stm32cube.ide.mcu.externaltools.gnu-tools-for-stm32.11.3.rel1.win32_1.1.100.202309141235/tools/bin/../lib/gcc/arm-none-eabi/11.3.1/../../../../arm-none-eabi/lib/thumb/v7e-m+fp/hard\libc_nano.a(libc_a-mallocr.o)
                0x0000000020000364                __malloc_free_list
 .bss.__malloc_sbrk_start
                0x0000000020000368        0x4 C:/ST/STM32CubeIDE_1.14.1/STM32CubeIDE/plugins/com.st.stm32cube.ide.mcu.externaltools.gnu-tools-for-stm32.11.3.rel1.win32_1.1.100.202309141235/tools/bin/../lib/gcc/arm-none-eabi/11.3.1/../../../../arm-none-eabi/lib/thumb/v7e-m+fp/hard\libc_nano.a(libc_a-mallocr.o)
                0x0000000020000368                __malloc_sbrk_start
 *(COMMON)
                0x000000002000036c                . = ALIGN (0x4)
                0x000000002000036c                _ebss = .
                0x000000002000036c                __bss_end__ = _ebss

._user_heap_stack
                0x000000002000036c      0x604 load address 0x0000000008005b74
                0x0000000020000370                . = ALIGN (0x8)
 *fill*         0x000000002000036c        0x4 
                [!provide]                        PROVIDE (end = .)
                0x0000000020000370                PROVIDE (_end = .)
                0x0000000020000570                . = (. + _Min_Heap_Size)
 *fill*         0x0000000020000370      0x200 
                0x0000000020000970                . = (. + _Min_Stack_Size)
 *fill*         0x0000000020000570      0x400 
                0x0000000020000970                . = ALIGN (0x8)

/DISCARD/
 libc.a(*)
 libm.a(*)
 libgcc.a(*)

.ARM.attributes
                0x0000000000000000       0x30
 *(.ARM.attributes)
 .ARM.attributes
                0x0000000000000000       0x1e C:/ST/STM32CubeIDE_1.14.1/STM32CubeIDE/plugins/com.st.stm32cube.ide.mcu.externaltools.gnu-tools-for-stm32.11.3.rel1.win32_1.1.100.202309141235/tools/bin/../lib/gcc/arm-none-eabi/11.3.1/thumb/v7e-m+fp/hard/crti.o
 .ARM.attributes
                0x000000000000001e       0x34 C:/ST/STM32CubeIDE_1.14.1/STM32CubeIDE/plugins/com.st.stm32cube.ide.mcu.externaltools.gnu-tools-for-stm32.11.3.rel1.win32_1.1.100.202309141235/tools/bin/../lib/gcc/arm-none-eabi/11.3.1/thumb/v7e-m+fp/hard/crtbegin.o
 .ARM.attributes
                0x0000000000000052       0x21 ./Application/Startup/startup_stm32g431vbtx.o
 .ARM.attributes
                0x0000000000000073       0x34 ./Application/User/gpio.o
 .ARM.attributes
                0x00000000000000a7       0x34 ./Application/User/main.o
 .ARM.attributes
                0x00000000000000db       0x34 ./Application/User/stm32g4xx_hal_msp.o
 .ARM.attributes
                0x000000000000010f       0x34 ./Application/User/stm32g4xx_it.o
 .ARM.attributes
                0x0000000000000143       0x34 ./Application/User/syscalls.o
 .ARM.attributes
                0x0000000000000177       0x34 ./Application/User/sysmem.o
 .ARM.attributes
                0x00000000000001ab       0x34 ./Application/User/tim.o
 .ARM.attributes
                0x00000000000001df       0x34 ./Application/User/usart.o
 .ARM.attributes
                0x0000000000000213       0x34 ./Drivers/CMSIS/system_stm32g4xx.o
 .ARM.attributes
                0x0000000000000247       0x34 ./Drivers/STM32G4xx_HAL_Driver/stm32g4xx_hal.o
 .ARM.attributes
                0x000000000000027b       0x34 ./Drivers/STM32G4xx_HAL_Driver/stm32g4xx_hal_cortex.o
 .ARM.attributes
                0x00000000000002af       0x34 ./Drivers/STM32G4xx_HAL_Driver/stm32g4xx_hal_gpio.o
 .ARM.attributes
                0x00000000000002e3       0x34 ./Drivers/STM32G4xx_HAL_Driver/stm32g4xx_hal_pwr_ex.o
 .ARM.attributes
                0x0000000000000317       0x34 ./Drivers/STM32G4xx_HAL_Driver/stm32g4xx_hal_rcc.o
 .ARM.attributes
                0x000000000000034b       0x34 ./Drivers/STM32G4xx_HAL_Driver/stm32g4xx_hal_rcc_ex.o
 .ARM.attributes
                0x000000000000037f       0x34 ./Drivers/STM32G4xx_HAL_Driver/stm32g4xx_hal_tim.o
 .ARM.attributes
                0x00000000000003b3       0x34 ./Drivers/STM32G4xx_HAL_Driver/stm32g4xx_hal_tim_ex.o
 .ARM.attributes
                0x00000000000003e7       0x34 ./Drivers/STM32G4xx_HAL_Driver/stm32g4xx_hal_uart.o
 .ARM.attributes
                0x000000000000041b       0x34 ./Drivers/STM32G4xx_HAL_Driver/stm32g4xx_hal_uart_ex.o
 .ARM.attributes
                0x000000000000044f       0x34 ./pmsm/pmsm.o
 .ARM.attributes
                0x0000000000000483       0x34 C:/ST/STM32CubeIDE_1.14.1/STM32CubeIDE/plugins/com.st.stm32cube.ide.mcu.externaltools.gnu-tools-for-stm32.11.3.rel1.win32_1.1.100.202309141235/tools/bin/../lib/gcc/arm-none-eabi/11.3.1/../../../../arm-none-eabi/lib/thumb/v7e-m+fp/hard\libc_nano.a(libc_a-findfp.o)
 .ARM.attributes
                0x00000000000004b7       0x34 C:/ST/STM32CubeIDE_1.14.1/STM32CubeIDE/plugins/com.st.stm32cube.ide.mcu.externaltools.gnu-tools-for-stm32.11.3.rel1.win32_1.1.100.202309141235/tools/bin/../lib/gcc/arm-none-eabi/11.3.1/../../../../arm-none-eabi/lib/thumb/v7e-m+fp/hard\libc_nano.a(libc_a-fwalk.o)
 .ARM.attributes
                0x00000000000004eb       0x34 C:/ST/STM32CubeIDE_1.14.1/STM32CubeIDE/plugins/com.st.stm32cube.ide.mcu.externaltools.gnu-tools-for-stm32.11.3.rel1.win32_1.1.100.202309141235/tools/bin/../lib/gcc/arm-none-eabi/11.3.1/../../../../arm-none-eabi/lib/thumb/v7e-m+fp/hard\libc_nano.a(libc_a-setbuf.o)
 .ARM.attributes
                0x000000000000051f       0x34 C:/ST/STM32CubeIDE_1.14.1/STM32CubeIDE/plugins/com.st.stm32cube.ide.mcu.externaltools.gnu-tools-for-stm32.11.3.rel1.win32_1.1.100.202309141235/tools/bin/../lib/gcc/arm-none-eabi/11.3.1/../../../../arm-none-eabi/lib/thumb/v7e-m+fp/hard\libc_nano.a(libc_a-setvbuf.o)
 .ARM.attributes
                0x0000000000000553       0x34 C:/ST/STM32CubeIDE_1.14.1/STM32CubeIDE/plugins/com.st.stm32cube.ide.mcu.externaltools.gnu-tools-for-stm32.11.3.rel1.win32_1.1.100.202309141235/tools/bin/../lib/gcc/arm-none-eabi/11.3.1/../../../../arm-none-eabi/lib/thumb/v7e-m+fp/hard\libc_nano.a(libc_a-stdio.o)
 .ARM.attributes
                0x0000000000000587       0x34 C:/ST/STM32CubeIDE_1.14.1/STM32CubeIDE/plugins/com.st.stm32cube.ide.mcu.externaltools.gnu-tools-for-stm32.11.3.rel1.win32_1.1.100.202309141235/tools/bin/../lib/gcc/arm-none-eabi/11.3.1/../../../../arm-none-eabi/lib/thumb/v7e-m+fp/hard\libc_nano.a(libc_a-memset.o)
 .ARM.attributes
                0x00000000000005bb       0x34 C:/ST/STM32CubeIDE_1.14.1/STM32CubeIDE/plugins/com.st.stm32cube.ide.mcu.externaltools.gnu-tools-for-stm32.11.3.rel1.win32_1.1.100.202309141235/tools/bin/../lib/gcc/arm-none-eabi/11.3.1/../../../../arm-none-eabi/lib/thumb/v7e-m+fp/hard\libc_nano.a(libc_a-closer.o)
 .ARM.attributes
                0x00000000000005ef       0x34 C:/ST/STM32CubeIDE_1.14.1/STM32CubeIDE/plugins/com.st.stm32cube.ide.mcu.externaltools.gnu-tools-for-stm32.11.3.rel1.win32_1.1.100.202309141235/tools/bin/../lib/gcc/arm-none-eabi/11.3.1/../../../../arm-none-eabi/lib/thumb/v7e-m+fp/hard\libc_nano.a(libc_a-reent.o)
 .ARM.attributes
                0x0000000000000623       0x34 C:/ST/STM32CubeIDE_1.14.1/STM32CubeIDE/plugins/com.st.stm32cube.ide.mcu.externaltools.gnu-tools-for-stm32.11.3.rel1.win32_1.1.100.202309141235/tools/bin/../lib/gcc/arm-none-eabi/11.3.1/../../../../arm-none-eabi/lib/thumb/v7e-m+fp/hard\libc_nano.a(libc_a-impure.o)
 .ARM.attributes
                0x0000000000000657       0x34 C:/ST/STM32CubeIDE_1.14.1/STM32CubeIDE/plugins/com.st.stm32cube.ide.mcu.externaltools.gnu-tools-for-stm32.11.3.rel1.win32_1.1.100.202309141235/tools/bin/../lib/gcc/arm-none-eabi/11.3.1/../../../../arm-none-eabi/lib/thumb/v7e-m+fp/hard\libc_nano.a(libc_a-lseekr.o)
 .ARM.attributes
                0x000000000000068b       0x34 C:/ST/STM32CubeIDE_1.14.1/STM32CubeIDE/plugins/com.st.stm32cube.ide.mcu.externaltools.gnu-tools-for-stm32.11.3.rel1.win32_1.1.100.202309141235/tools/bin/../lib/gcc/arm-none-eabi/11.3.1/../../../../arm-none-eabi/lib/thumb/v7e-m+fp/hard\libc_nano.a(libc_a-readr.o)
 .ARM.attributes
                0x00000000000006bf       0x34 C:/ST/STM32CubeIDE_1.14.1/STM32CubeIDE/plugins/com.st.stm32cube.ide.mcu.externaltools.gnu-tools-for-stm32.11.3.rel1.win32_1.1.100.202309141235/tools/bin/../lib/gcc/arm-none-eabi/11.3.1/../../../../arm-none-eabi/lib/thumb/v7e-m+fp/hard\libc_nano.a(libc_a-writer.o)
 .ARM.attributes
                0x00000000000006f3       0x34 C:/ST/STM32CubeIDE_1.14.1/STM32CubeIDE/plugins/com.st.stm32cube.ide.mcu.externaltools.gnu-tools-for-stm32.11.3.rel1.win32_1.1.100.202309141235/tools/bin/../lib/gcc/arm-none-eabi/11.3.1/../../../../arm-none-eabi/lib/thumb/v7e-m+fp/hard\libc_nano.a(libc_a-errno.o)
 .ARM.attributes
                0x0000000000000727       0x34 C:/ST/STM32CubeIDE_1.14.1/STM32CubeIDE/plugins/com.st.stm32cube.ide.mcu.externaltools.gnu-tools-for-stm32.11.3.rel1.win32_1.1.100.202309141235/tools/bin/../lib/gcc/arm-none-eabi/11.3.1/../../../../arm-none-eabi/lib/thumb/v7e-m+fp/hard\libc_nano.a(libc_a-init.o)
 .ARM.attributes
                0x000000000000075b       0x34 C:/ST/STM32CubeIDE_1.14.1/STM32CubeIDE/plugins/com.st.stm32cube.ide.mcu.externaltools.gnu-tools-for-stm32.11.3.rel1.win32_1.1.100.202309141235/tools/bin/../lib/gcc/arm-none-eabi/11.3.1/../../../../arm-none-eabi/lib/thumb/v7e-m+fp/hard\libc_nano.a(libc_a-lock.o)
 .ARM.attributes
                0x000000000000078f       0x34 C:/ST/STM32CubeIDE_1.14.1/STM32CubeIDE/plugins/com.st.stm32cube.ide.mcu.externaltools.gnu-tools-for-stm32.11.3.rel1.win32_1.1.100.202309141235/tools/bin/../lib/gcc/arm-none-eabi/11.3.1/../../../../arm-none-eabi/lib/thumb/v7e-m+fp/hard\libc_nano.a(libc_a-freer.o)
 .ARM.attributes
                0x00000000000007c3       0x34 C:/ST/STM32CubeIDE_1.14.1/STM32CubeIDE/plugins/com.st.stm32cube.ide.mcu.externaltools.gnu-tools-for-stm32.11.3.rel1.win32_1.1.100.202309141235/tools/bin/../lib/gcc/arm-none-eabi/11.3.1/../../../../arm-none-eabi/lib/thumb/v7e-m+fp/hard\libc_nano.a(libc_a-malloc.o)
 .ARM.attributes
                0x00000000000007f7       0x34 C:/ST/STM32CubeIDE_1.14.1/STM32CubeIDE/plugins/com.st.stm32cube.ide.mcu.externaltools.gnu-tools-for-stm32.11.3.rel1.win32_1.1.100.202309141235/tools/bin/../lib/gcc/arm-none-eabi/11.3.1/../../../../arm-none-eabi/lib/thumb/v7e-m+fp/hard\libc_nano.a(libc_a-mallocr.o)
 .ARM.attributes
                0x000000000000082b       0x34 C:/ST/STM32CubeIDE_1.14.1/STM32CubeIDE/plugins/com.st.stm32cube.ide.mcu.externaltools.gnu-tools-for-stm32.11.3.rel1.win32_1.1.100.202309141235/tools/bin/../lib/gcc/arm-none-eabi/11.3.1/../../../../arm-none-eabi/lib/thumb/v7e-m+fp/hard\libc_nano.a(libc_a-mlock.o)
 .ARM.attributes
                0x000000000000085f       0x34 C:/ST/STM32CubeIDE_1.14.1/STM32CubeIDE/plugins/com.st.stm32cube.ide.mcu.externaltools.gnu-tools-for-stm32.11.3.rel1.win32_1.1.100.202309141235/tools/bin/../lib/gcc/arm-none-eabi/11.3.1/../../../../arm-none-eabi/lib/thumb/v7e-m+fp/hard\libc_nano.a(libc_a-fflush.o)
 .ARM.attributes
                0x0000000000000893       0x34 C:/ST/STM32CubeIDE_1.14.1/STM32CubeIDE/plugins/com.st.stm32cube.ide.mcu.externaltools.gnu-tools-for-stm32.11.3.rel1.win32_1.1.100.202309141235/tools/bin/../lib/gcc/arm-none-eabi/11.3.1/../../../../arm-none-eabi/lib/thumb/v7e-m+fp/hard\libc_nano.a(libc_a-makebuf.o)
 .ARM.attributes
                0x00000000000008c7       0x34 C:/ST/STM32CubeIDE_1.14.1/STM32CubeIDE/plugins/com.st.stm32cube.ide.mcu.externaltools.gnu-tools-for-stm32.11.3.rel1.win32_1.1.100.202309141235/tools/bin/../lib/gcc/arm-none-eabi/11.3.1/../../../../arm-none-eabi/lib/thumb/v7e-m+fp/hard\libc_nano.a(libc_a-fstatr.o)
 .ARM.attributes
                0x00000000000008fb       0x34 C:/ST/STM32CubeIDE_1.14.1/STM32CubeIDE/plugins/com.st.stm32cube.ide.mcu.externaltools.gnu-tools-for-stm32.11.3.rel1.win32_1.1.100.202309141235/tools/bin/../lib/gcc/arm-none-eabi/11.3.1/../../../../arm-none-eabi/lib/thumb/v7e-m+fp/hard\libc_nano.a(libc_a-sbrkr.o)
 .ARM.attributes
                0x000000000000092f       0x1e C:/ST/STM32CubeIDE_1.14.1/STM32CubeIDE/plugins/com.st.stm32cube.ide.mcu.externaltools.gnu-tools-for-stm32.11.3.rel1.win32_1.1.100.202309141235/tools/bin/../lib/gcc/arm-none-eabi/11.3.1/thumb/v7e-m+fp/hard\libgcc.a(_aeabi_uldivmod.o)
 .ARM.attributes
                0x000000000000094d       0x34 C:/ST/STM32CubeIDE_1.14.1/STM32CubeIDE/plugins/com.st.stm32cube.ide.mcu.externaltools.gnu-tools-for-stm32.11.3.rel1.win32_1.1.100.202309141235/tools/bin/../lib/gcc/arm-none-eabi/11.3.1/thumb/v7e-m+fp/hard\libgcc.a(_udivmoddi4.o)
 .ARM.attributes
                0x0000000000000981       0x1e C:/ST/STM32CubeIDE_1.14.1/STM32CubeIDE/plugins/com.st.stm32cube.ide.mcu.externaltools.gnu-tools-for-stm32.11.3.rel1.win32_1.1.100.202309141235/tools/bin/../lib/gcc/arm-none-eabi/11.3.1/thumb/v7e-m+fp/hard\libgcc.a(_dvmd_tls.o)
 .ARM.attributes
                0x000000000000099f       0x1e C:/ST/STM32CubeIDE_1.14.1/STM32CubeIDE/plugins/com.st.stm32cube.ide.mcu.externaltools.gnu-tools-for-stm32.11.3.rel1.win32_1.1.100.202309141235/tools/bin/../lib/gcc/arm-none-eabi/11.3.1/thumb/v7e-m+fp/hard/crtn.o
OUTPUT(pmsm_motor_control.elf elf32-littlearm)
LOAD linker stubs
LOAD C:/ST/STM32CubeIDE_1.14.1/STM32CubeIDE/plugins/com.st.stm32cube.ide.mcu.externaltools.gnu-tools-for-stm32.11.3.rel1.win32_1.1.100.202309141235/tools/bin/../lib/gcc/arm-none-eabi/11.3.1/../../../../arm-none-eabi/lib/thumb/v7e-m+fp/hard\libc.a
LOAD C:/ST/STM32CubeIDE_1.14.1/STM32CubeIDE/plugins/com.st.stm32cube.ide.mcu.externaltools.gnu-tools-for-stm32.11.3.rel1.win32_1.1.100.202309141235/tools/bin/../lib/gcc/arm-none-eabi/11.3.1/../../../../arm-none-eabi/lib/thumb/v7e-m+fp/hard\libm.a
LOAD C:/ST/STM32CubeIDE_1.14.1/STM32CubeIDE/plugins/com.st.stm32cube.ide.mcu.externaltools.gnu-tools-for-stm32.11.3.rel1.win32_1.1.100.202309141235/tools/bin/../lib/gcc/arm-none-eabi/11.3.1/thumb/v7e-m+fp/hard\libgcc.a

.comment        0x0000000000000000       0x43
 .comment       0x0000000000000000       0x43 C:/ST/STM32CubeIDE_1.14.1/STM32CubeIDE/plugins/com.st.stm32cube.ide.mcu.externaltools.gnu-tools-for-stm32.11.3.rel1.win32_1.1.100.202309141235/tools/bin/../lib/gcc/arm-none-eabi/11.3.1/thumb/v7e-m+fp/hard/crtbegin.o
                                         0x44 (size before relaxing)
 .comment       0x0000000000000043       0x44 ./Application/User/gpio.o
 .comment       0x0000000000000043       0x44 ./Application/User/main.o
 .comment       0x0000000000000043       0x44 ./Application/User/stm32g4xx_hal_msp.o
 .comment       0x0000000000000043       0x44 ./Application/User/stm32g4xx_it.o
 .comment       0x0000000000000043       0x44 ./Application/User/syscalls.o
 .comment       0x0000000000000043       0x44 ./Application/User/sysmem.o
 .comment       0x0000000000000043       0x44 ./Application/User/tim.o
 .comment       0x0000000000000043       0x44 ./Application/User/usart.o
 .comment       0x0000000000000043       0x44 ./Drivers/CMSIS/system_stm32g4xx.o
 .comment       0x0000000000000043       0x44 ./Drivers/STM32G4xx_HAL_Driver/stm32g4xx_hal.o
 .comment       0x0000000000000043       0x44 ./Drivers/STM32G4xx_HAL_Driver/stm32g4xx_hal_cortex.o
 .comment       0x0000000000000043       0x44 ./Drivers/STM32G4xx_HAL_Driver/stm32g4xx_hal_gpio.o
 .comment       0x0000000000000043       0x44 ./Drivers/STM32G4xx_HAL_Driver/stm32g4xx_hal_pwr_ex.o
 .comment       0x0000000000000043       0x44 ./Drivers/STM32G4xx_HAL_Driver/stm32g4xx_hal_rcc.o
 .comment       0x0000000000000043       0x44 ./Drivers/STM32G4xx_HAL_Driver/stm32g4xx_hal_rcc_ex.o
 .comment       0x0000000000000043       0x44 ./Drivers/STM32G4xx_HAL_Driver/stm32g4xx_hal_tim.o
 .comment       0x0000000000000043       0x44 ./Drivers/STM32G4xx_HAL_Driver/stm32g4xx_hal_tim_ex.o
 .comment       0x0000000000000043       0x44 ./Drivers/STM32G4xx_HAL_Driver/stm32g4xx_hal_uart.o
 .comment       0x0000000000000043       0x44 ./Drivers/STM32G4xx_HAL_Driver/stm32g4xx_hal_uart_ex.o
 .comment       0x0000000000000043       0x44 ./pmsm/pmsm.o

.debug_line     0x0000000000000000    0x15857
 .debug_line    0x0000000000000000       0x7b ./Application/Startup/startup_stm32g431vbtx.o
 .debug_line    0x000000000000007b      0x7b4 ./Application/User/gpio.o
 .debug_line    0x000000000000082f      0x9b6 ./Application/User/main.o
 .debug_line    0x00000000000011e5      0x7a9 ./Application/User/stm32g4xx_hal_msp.o
 .debug_line    0x000000000000198e      0x9c5 ./Application/User/stm32g4xx_it.o
 .debug_line    0x0000000000002353      0x8ba ./Application/User/syscalls.o
 .debug_line    0x0000000000002c0d      0x58b ./Application/User/sysmem.o
 .debug_line    0x0000000000003198      0x9f5 ./Application/User/tim.o
 .debug_line    0x0000000000003b8d      0x9b4 ./Application/User/usart.o
 .debug_line    0x0000000000004541      0x811 ./Drivers/CMSIS/system_stm32g4xx.o
 .debug_line    0x0000000000004d52      0xbd5 ./Drivers/STM32G4xx_HAL_Driver/stm32g4xx_hal.o
 .debug_line    0x0000000000005927      0xd40 ./Drivers/STM32G4xx_HAL_Driver/stm32g4xx_hal_cortex.o
 .debug_line    0x0000000000006667      0xbd0 ./Drivers/STM32G4xx_HAL_Driver/stm32g4xx_hal_gpio.o
 .debug_line    0x0000000000007237      0xd44 ./Drivers/STM32G4xx_HAL_Driver/stm32g4xx_hal_pwr_ex.o
 .debug_line    0x0000000000007f7b      0xf9d ./Drivers/STM32G4xx_HAL_Driver/stm32g4xx_hal_rcc.o
 .debug_line    0x0000000000008f18     0x1166 ./Drivers/STM32G4xx_HAL_Driver/stm32g4xx_hal_rcc_ex.o
 .debug_line    0x000000000000a07e     0x3f3f ./Drivers/STM32G4xx_HAL_Driver/stm32g4xx_hal_tim.o
 .debug_line    0x000000000000dfbd     0x2115 ./Drivers/STM32G4xx_HAL_Driver/stm32g4xx_hal_tim_ex.o
 .debug_line    0x00000000000100d2     0x3bf9 ./Drivers/STM32G4xx_HAL_Driver/stm32g4xx_hal_uart.o
 .debug_line    0x0000000000013ccb      0xdf8 ./Drivers/STM32G4xx_HAL_Driver/stm32g4xx_hal_uart_ex.o
 .debug_line    0x0000000000014ac3      0xd94 ./pmsm/pmsm.o

.debug_line_str
                0x0000000000000000       0x7e
 .debug_line_str
                0x0000000000000000       0x7e ./Application/Startup/startup_stm32g431vbtx.o
                                         0x96 (size before relaxing)

.debug_info     0x0000000000000000    0x13ed3
 .debug_info    0x0000000000000000       0x23 ./Application/Startup/startup_stm32g431vbtx.o
 .debug_info    0x0000000000000023      0x648 ./Application/User/gpio.o
 .debug_info    0x000000000000066b      0xaf7 ./Application/User/main.o
 .debug_info    0x0000000000001162      0x2da ./Application/User/stm32g4xx_hal_msp.o
 .debug_info    0x000000000000143c      0x9cb ./Application/User/stm32g4xx_it.o
 .debug_info    0x0000000000001e07      0x6a3 ./Application/User/syscalls.o
 .debug_info    0x00000000000024aa      0x168 ./Application/User/sysmem.o
 .debug_info    0x0000000000002612     0x12ef ./Application/User/tim.o
 .debug_info    0x0000000000003901      0xdc3 ./Application/User/usart.o
 .debug_info    0x00000000000046c4      0x58e ./Drivers/CMSIS/system_stm32g4xx.o
 .debug_info    0x0000000000004c52      0xadb ./Drivers/STM32G4xx_HAL_Driver/stm32g4xx_hal.o
 .debug_info    0x000000000000572d      0xcf3 ./Drivers/STM32G4xx_HAL_Driver/stm32g4xx_hal_cortex.o
 .debug_info    0x0000000000006420      0x763 ./Drivers/STM32G4xx_HAL_Driver/stm32g4xx_hal_gpio.o
 .debug_info    0x0000000000006b83      0x93f ./Drivers/STM32G4xx_HAL_Driver/stm32g4xx_hal_pwr_ex.o
 .debug_info    0x00000000000074c2      0xb82 ./Drivers/STM32G4xx_HAL_Driver/stm32g4xx_hal_rcc.o
 .debug_info    0x0000000000008044      0xc15 ./Drivers/STM32G4xx_HAL_Driver/stm32g4xx_hal_rcc_ex.o
 .debug_info    0x0000000000008c59     0x2c52 ./Drivers/STM32G4xx_HAL_Driver/stm32g4xx_hal_tim.o
 .debug_info    0x000000000000b8ab     0x1d95 ./Drivers/STM32G4xx_HAL_Driver/stm32g4xx_hal_tim_ex.o
 .debug_info    0x000000000000d640     0x481e ./Drivers/STM32G4xx_HAL_Driver/stm32g4xx_hal_uart.o
 .debug_info    0x0000000000011e5e      0xfdd ./Drivers/STM32G4xx_HAL_Driver/stm32g4xx_hal_uart_ex.o
 .debug_info    0x0000000000012e3b     0x1098 ./pmsm/pmsm.o

.debug_abbrev   0x0000000000000000     0x2c6c
 .debug_abbrev  0x0000000000000000       0x12 ./Application/Startup/startup_stm32g431vbtx.o
 .debug_abbrev  0x0000000000000012      0x159 ./Application/User/gpio.o
 .debug_abbrev  0x000000000000016b      0x291 ./Application/User/main.o
 .debug_abbrev  0x00000000000003fc       0xd9 ./Application/User/stm32g4xx_hal_msp.o
 .debug_abbrev  0x00000000000004d5      0x255 ./Application/User/stm32g4xx_it.o
 .debug_abbrev  0x000000000000072a      0x1b6 ./Application/User/syscalls.o
 .debug_abbrev  0x00000000000008e0       0xbc ./Application/User/sysmem.o
 .debug_abbrev  0x000000000000099c      0x297 ./Application/User/tim.o
 .debug_abbrev  0x0000000000000c33      0x239 ./Application/User/usart.o
 .debug_abbrev  0x0000000000000e6c      0x11a ./Drivers/CMSIS/system_stm32g4xx.o
 .debug_abbrev  0x0000000000000f86      0x271 ./Drivers/STM32G4xx_HAL_Driver/stm32g4xx_hal.o
 .debug_abbrev  0x00000000000011f7      0x31c ./Drivers/STM32G4xx_HAL_Driver/stm32g4xx_hal_cortex.o
 .debug_abbrev  0x0000000000001513      0x1cb ./Drivers/STM32G4xx_HAL_Driver/stm32g4xx_hal_gpio.o
 .debug_abbrev  0x00000000000016de      0x22c ./Drivers/STM32G4xx_HAL_Driver/stm32g4xx_hal_pwr_ex.o
 .debug_abbrev  0x000000000000190a      0x2c9 ./Drivers/STM32G4xx_HAL_Driver/stm32g4xx_hal_rcc.o
 .debug_abbrev  0x0000000000001bd3      0x258 ./Drivers/STM32G4xx_HAL_Driver/stm32g4xx_hal_rcc_ex.o
 .debug_abbrev  0x0000000000001e2b      0x2a7 ./Drivers/STM32G4xx_HAL_Driver/stm32g4xx_hal_tim.o
 .debug_abbrev  0x00000000000020d2      0x2c5 ./Drivers/STM32G4xx_HAL_Driver/stm32g4xx_hal_tim_ex.o
 .debug_abbrev  0x0000000000002397      0x304 ./Drivers/STM32G4xx_HAL_Driver/stm32g4xx_hal_uart.o
 .debug_abbrev  0x000000000000269b      0x2d2 ./Drivers/STM32G4xx_HAL_Driver/stm32g4xx_hal_uart_ex.o
 .debug_abbrev  0x000000000000296d      0x2ff ./pmsm/pmsm.o

.debug_aranges  0x0000000000000000     0x11e0
 .debug_aranges
                0x0000000000000000       0x28 ./Application/Startup/startup_stm32g431vbtx.o
 .debug_aranges
                0x0000000000000028       0x20 ./Application/User/gpio.o
 .debug_aranges
                0x0000000000000048       0x30 ./Application/User/main.o
 .debug_aranges
                0x0000000000000078       0x20 ./Application/User/stm32g4xx_hal_msp.o
 .debug_aranges
                0x0000000000000098       0x98 ./Application/User/stm32g4xx_it.o
 .debug_aranges
                0x0000000000000130       0xa8 ./Application/User/syscalls.o
 .debug_aranges
                0x00000000000001d8       0x20 ./Application/User/sysmem.o
 .debug_aranges
                0x00000000000001f8       0x58 ./Application/User/tim.o
 .debug_aranges
                0x0000000000000250       0x38 ./Application/User/usart.o
 .debug_aranges
                0x0000000000000288       0x28 ./Drivers/CMSIS/system_stm32g4xx.o
 .debug_aranges
                0x00000000000002b0      0x148 ./Drivers/STM32G4xx_HAL_Driver/stm32g4xx_hal.o
 .debug_aranges
                0x00000000000003f8      0x118 ./Drivers/STM32G4xx_HAL_Driver/stm32g4xx_hal_cortex.o
 .debug_aranges
                0x0000000000000510       0x58 ./Drivers/STM32G4xx_HAL_Driver/stm32g4xx_hal_gpio.o
 .debug_aranges
                0x0000000000000568      0x140 ./Drivers/STM32G4xx_HAL_Driver/stm32g4xx_hal_pwr_ex.o
 .debug_aranges
                0x00000000000006a8       0x98 ./Drivers/STM32G4xx_HAL_Driver/stm32g4xx_hal_rcc.o
 .debug_aranges
                0x0000000000000740       0xb0 ./Drivers/STM32G4xx_HAL_Driver/stm32g4xx_hal_rcc_ex.o
 .debug_aranges
                0x00000000000007f0      0x3e0 ./Drivers/STM32G4xx_HAL_Driver/stm32g4xx_hal_tim.o
 .debug_aranges
                0x0000000000000bd0      0x240 ./Drivers/STM32G4xx_HAL_Driver/stm32g4xx_hal_tim_ex.o
 .debug_aranges
                0x0000000000000e10      0x248 ./Drivers/STM32G4xx_HAL_Driver/stm32g4xx_hal_uart.o
 .debug_aranges
                0x0000000000001058       0xa8 ./Drivers/STM32G4xx_HAL_Driver/stm32g4xx_hal_uart_ex.o
 .debug_aranges
                0x0000000000001100       0xe0 ./pmsm/pmsm.o

.debug_str      0x0000000000000000    0xce7a4
 .debug_str     0x0000000000000000       0x8a ./Application/Startup/startup_stm32g431vbtx.o
 .debug_str     0x000000000000008a    0xbc95a ./Application/User/gpio.o
                                      0xbd7ec (size before relaxing)
 .debug_str     0x00000000000bc9e4     0xa21f ./Application/User/main.o
                                      0xc73d4 (size before relaxing)
 .debug_str     0x00000000000c6c03       0x81 ./Application/User/stm32g4xx_hal_msp.o
                                      0xbd2f7 (size before relaxing)
 .debug_str     0x00000000000c6c84      0x767 ./Application/User/stm32g4xx_it.o
                                      0xc3ec0 (size before relaxing)
 .debug_str     0x00000000000c73eb     0x20d7 ./Application/User/syscalls.o
                                       0x98c2 (size before relaxing)
 .debug_str     0x00000000000c94c2       0x73 ./Application/User/sysmem.o
                                       0x6079 (size before relaxing)
 .debug_str     0x00000000000c9535      0x367 ./Application/User/tim.o
                                      0xc46f7 (size before relaxing)
 .debug_str     0x00000000000c989c      0x4ef ./Application/User/usart.o
                                      0xc12bd (size before relaxing)
 .debug_str     0x00000000000c9d8b      0x10f ./Drivers/CMSIS/system_stm32g4xx.o
                                      0xbd18a (size before relaxing)
 .debug_str     0x00000000000c9e9a      0x617 ./Drivers/STM32G4xx_HAL_Driver/stm32g4xx_hal.o
                                      0xbdcce (size before relaxing)
 .debug_str     0x00000000000ca4b1      0x356 ./Drivers/STM32G4xx_HAL_Driver/stm32g4xx_hal_cortex.o
                                      0xbd952 (size before relaxing)
 .debug_str     0x00000000000ca807      0x18f ./Drivers/STM32G4xx_HAL_Driver/stm32g4xx_hal_gpio.o
                                      0xbd31a (size before relaxing)
 .debug_str     0x00000000000ca996      0x4de ./Drivers/STM32G4xx_HAL_Driver/stm32g4xx_hal_pwr_ex.o
                                      0xbd67d (size before relaxing)
 .debug_str     0x00000000000cae74      0x519 ./Drivers/STM32G4xx_HAL_Driver/stm32g4xx_hal_rcc.o
                                      0xbd888 (size before relaxing)
 .debug_str     0x00000000000cb38d      0x444 ./Drivers/STM32G4xx_HAL_Driver/stm32g4xx_hal_rcc_ex.o
                                      0xbd889 (size before relaxing)
 .debug_str     0x00000000000cb7d1      0xeee ./Drivers/STM32G4xx_HAL_Driver/stm32g4xx_hal_tim.o
                                      0xbe68d (size before relaxing)
 .debug_str     0x00000000000cc6bf      0x856 ./Drivers/STM32G4xx_HAL_Driver/stm32g4xx_hal_tim_ex.o
                                      0xbe301 (size before relaxing)
 .debug_str     0x00000000000ccf15      0xa06 ./Drivers/STM32G4xx_HAL_Driver/stm32g4xx_hal_uart.o
                                      0xbe14a (size before relaxing)
 .debug_str     0x00000000000cd91b      0x29d ./Drivers/STM32G4xx_HAL_Driver/stm32g4xx_hal_uart_ex.o
                                      0xbd948 (size before relaxing)
 .debug_str     0x00000000000cdbb8      0xbec ./pmsm/pmsm.o
                                      0xc820b (size before relaxing)

.debug_rnglists
                0x0000000000000000      0xdda
 .debug_rnglists
                0x0000000000000000       0x19 ./Application/Startup/startup_stm32g431vbtx.o
 .debug_rnglists
                0x0000000000000019       0x14 ./Application/User/gpio.o
 .debug_rnglists
                0x000000000000002d       0x20 ./Application/User/main.o
 .debug_rnglists
                0x000000000000004d       0x13 ./Application/User/stm32g4xx_hal_msp.o
 .debug_rnglists
                0x0000000000000060       0x6d ./Application/User/stm32g4xx_it.o
 .debug_rnglists
                0x00000000000000cd       0x79 ./Application/User/syscalls.o
 .debug_rnglists
                0x0000000000000146       0x13 ./Application/User/sysmem.o
 .debug_rnglists
                0x0000000000000159       0x42 ./Application/User/tim.o
 .debug_rnglists
                0x000000000000019b       0x27 ./Application/User/usart.o
 .debug_rnglists
                0x00000000000001c2       0x1a ./Drivers/CMSIS/system_stm32g4xx.o
 .debug_rnglists
                0x00000000000001dc       0xf1 ./Drivers/STM32G4xx_HAL_Driver/stm32g4xx_hal.o
 .debug_rnglists
                0x00000000000002cd       0xce ./Drivers/STM32G4xx_HAL_Driver/stm32g4xx_hal_cortex.o
 .debug_rnglists
                0x000000000000039b       0x3f ./Drivers/STM32G4xx_HAL_Driver/stm32g4xx_hal_gpio.o
 .debug_rnglists
                0x00000000000003da       0xf1 ./Drivers/STM32G4xx_HAL_Driver/stm32g4xx_hal_pwr_ex.o
 .debug_rnglists
                0x00000000000004cb       0x74 ./Drivers/STM32G4xx_HAL_Driver/stm32g4xx_hal_rcc.o
 .debug_rnglists
                0x000000000000053f       0x87 ./Drivers/STM32G4xx_HAL_Driver/stm32g4xx_hal_rcc_ex.o
 .debug_rnglists
                0x00000000000005c6      0x328 ./Drivers/STM32G4xx_HAL_Driver/stm32g4xx_hal_tim.o
 .debug_rnglists
                0x00000000000008ee      0x1cc ./Drivers/STM32G4xx_HAL_Driver/stm32g4xx_hal_tim_ex.o
 .debug_rnglists
                0x0000000000000aba      0x1fa ./Drivers/STM32G4xx_HAL_Driver/stm32g4xx_hal_uart.o
 .debug_rnglists
                0x0000000000000cb4       0x7f ./Drivers/STM32G4xx_HAL_Driver/stm32g4xx_hal_uart_ex.o
 .debug_rnglists
                0x0000000000000d33       0xa7 ./pmsm/pmsm.o

.debug_macro    0x0000000000000000    0x215bd
 .debug_macro   0x0000000000000000      0x1e7 ./Application/User/gpio.o
 .debug_macro   0x00000000000001e7      0xaa8 ./Application/User/gpio.o
 .debug_macro   0x0000000000000c8f      0x15b ./Application/User/gpio.o
 .debug_macro   0x0000000000000dea       0x2e ./Application/User/gpio.o
 .debug_macro   0x0000000000000e18       0x28 ./Application/User/gpio.o
 .debug_macro   0x0000000000000e40       0x22 ./Application/User/gpio.o
 .debug_macro   0x0000000000000e62       0x8e ./Application/User/gpio.o
 .debug_macro   0x0000000000000ef0       0x51 ./Application/User/gpio.o
 .debug_macro   0x0000000000000f41      0x103 ./Application/User/gpio.o
 .debug_macro   0x0000000000001044       0x6a ./Application/User/gpio.o
 .debug_macro   0x00000000000010ae      0x1df ./Application/User/gpio.o
 .debug_macro   0x000000000000128d       0x1c ./Application/User/gpio.o
 .debug_macro   0x00000000000012a9       0x22 ./Application/User/gpio.o
 .debug_macro   0x00000000000012cb       0xfb ./Application/User/gpio.o
 .debug_macro   0x00000000000013c6     0x1011 ./Application/User/gpio.o
 .debug_macro   0x00000000000023d7      0x11f ./Application/User/gpio.o
 .debug_macro   0x00000000000024f6    0x11350 ./Application/User/gpio.o
 .debug_macro   0x0000000000013846       0x6d ./Application/User/gpio.o
 .debug_macro   0x00000000000138b3     0x354d ./Application/User/gpio.o
 .debug_macro   0x0000000000016e00      0x174 ./Application/User/gpio.o
 .debug_macro   0x0000000000016f74       0x5c ./Application/User/gpio.o
 .debug_macro   0x0000000000016fd0     0x141d ./Application/User/gpio.o
 .debug_macro   0x00000000000183ed      0x535 ./Application/User/gpio.o
 .debug_macro   0x0000000000018922      0x1b6 ./Application/User/gpio.o
 .debug_macro   0x0000000000018ad8      0x288 ./Application/User/gpio.o
 .debug_macro   0x0000000000018d60      0x41d ./Application/User/gpio.o
 .debug_macro   0x000000000001917d      0x18b ./Application/User/gpio.o
 .debug_macro   0x0000000000019308       0x43 ./Application/User/gpio.o
 .debug_macro   0x000000000001934b      0x23d ./Application/User/gpio.o
 .debug_macro   0x0000000000019588      0x211 ./Application/User/gpio.o
 .debug_macro   0x0000000000019799      0x401 ./Application/User/gpio.o
 .debug_macro   0x0000000000019b9a      0x107 ./Application/User/gpio.o
 .debug_macro   0x0000000000019ca1      0x122 ./Application/User/gpio.o
 .debug_macro   0x0000000000019dc3      0x3d1 ./Application/User/gpio.o
 .debug_macro   0x000000000001a194      0xbda ./Application/User/gpio.o
 .debug_macro   0x000000000001ad6e      0x47e ./Application/User/gpio.o
 .debug_macro   0x000000000001b1ec      0x693 ./Application/User/gpio.o
 .debug_macro   0x000000000001b87f       0xa6 ./Application/User/gpio.o
 .debug_macro   0x000000000001b925      0x306 ./Application/User/gpio.o
 .debug_macro   0x000000000001bc2b       0x82 ./Application/User/gpio.o
 .debug_macro   0x000000000001bcad      0x2e0 ./Application/User/main.o
 .debug_macro   0x000000000001bf8d      0xcdc ./Application/User/main.o
 .debug_macro   0x000000000001cc69       0x61 ./Application/User/main.o
 .debug_macro   0x000000000001ccca       0x2a ./Application/User/main.o
 .debug_macro   0x000000000001ccf4       0x43 ./Application/User/main.o
 .debug_macro   0x000000000001cd37       0x34 ./Application/User/main.o
 .debug_macro   0x000000000001cd6b       0x16 ./Application/User/main.o
 .debug_macro   0x000000000001cd81       0x35 ./Application/User/main.o
 .debug_macro   0x000000000001cdb6      0x369 ./Application/User/main.o
 .debug_macro   0x000000000001d11f       0x10 ./Application/User/main.o
 .debug_macro   0x000000000001d12f       0x16 ./Application/User/main.o
 .debug_macro   0x000000000001d145       0x43 ./Application/User/main.o