../../Drivers/STM32G4xx_HAL_Driver/Inc/stm32g4xx_ll_tim.h:2023:22:LL_TIM_EnableCounter	16	static
../../Drivers/STM32G4xx_HAL_Driver/Inc/stm32g4xx_ll_tim.h:2034:22:LL_TIM_DisableCounter	16	static
../../Drivers/STM32G4xx_HAL_Driver/Inc/stm32g4xx_ll_tim.h:2277:22:LL_TIM_SetCounter	16	static
../../Drivers/STM32G4xx_HAL_Driver/Inc/stm32g4xx_ll_tim.h:2291:26:LL_TIM_GetCounter	16	static
../../Drivers/STM32G4xx_HAL_Driver/Inc/stm32g4xx_ll_tim.h:2349:22:LL_TIM_SetAutoReload	16	static
../../Drivers/STM32G4xx_HAL_Driver/Inc/stm32g4xx_ll_tim.h:2604:22:LL_TIM_CC_EnableChannel	16	static
../../Drivers/STM32G4xx_HAL_Driver/Inc/stm32g4xx_ll_tim.h:2635:22:LL_TIM_CC_DisableChannel	16	static
../../Drivers/STM32G4xx_HAL_Driver/Inc/stm32g4xx_ll_tim.h:2758:22:LL_TIM_OC_SetMode	32	static
../../Drivers/STM32G4xx_HAL_Driver/Inc/stm32g4xx_ll_tim.h:3217:22:LL_TIM_OC_SetCompareCH1	16	static
../../Drivers/STM32G4xx_HAL_Driver/Inc/stm32g4xx_ll_tim.h:3235:22:LL_TIM_OC_SetCompareCH2	16	static
../../Drivers/STM32G4xx_HAL_Driver/Inc/stm32g4xx_ll_tim.h:3253:22:LL_TIM_OC_SetCompareCH3	16	static
../../Drivers/STM32G4xx_HAL_Driver/Inc/stm32g4xx_ll_tim.h:4623:22:LL_TIM_EnableAllOutputs	16	static
../../Drivers/STM32G4xx_HAL_Driver/Inc/stm32g4xx_ll_tim.h:5921:22:LL_TIM_EnableIT_UPDATE	16	static
../pmsm/pmsm.c:273:16:PMSM_MotorSpeedIsOK	4	static
../pmsm/pmsm.c:278:16:PMSM_GetState	24	static
../pmsm/pmsm.c:300:6:PMSM_SetPWM_UVW	16	static
../pmsm/pmsm.c:309:6:pmsm_init	8	static
../pmsm/pmsm.c:329:6:pmsm_EXTI9_5_IRQHandler	16	static
../pmsm/pmsm.c:374:6:pmsm_sin_table_timer4_handler	16	static
../pmsm/pmsm.c:413:6:pmsm_timer3_update_handler	8	static
../pmsm/pmsm.c:420:6:pmsm_motor_stop	8	static
../pmsm/pmsm.c:432:9:pmsm_hall_sensors_get_position	16	static
../pmsm/pmsm.c:438:6:pmsm_motor_commutation	16	static
../pmsm/pmsm.c:498:6:pmsm_motor_set_run	4	static
../pmsm/pmsm.c:502:6:pmsm_set_PWM	16	static
../pmsm/pmsm.c:512:6:PMSM_MotorSetSpin	16	static
