../../Drivers/STM32G4xx_HAL_Driver/Inc/stm32g4xx_ll_tim.h:2023:22:LL_TIM_EnableCounter	16	static
../../Drivers/STM32G4xx_HAL_Driver/Inc/stm32g4xx_ll_tim.h:2604:22:LL_TIM_CC_EnableChannel	16	static
../../Drivers/STM32G4xx_HAL_Driver/Inc/stm32g4xx_ll_tim.h:2635:22:LL_TIM_CC_DisableChannel	16	static
../../Drivers/STM32G4xx_HAL_Driver/Inc/stm32g4xx_ll_tim.h:2758:22:LL_TIM_OC_SetMode	32	static
../../Drivers/STM32G4xx_HAL_Driver/Inc/stm32g4xx_ll_tim.h:3217:22:LL_TIM_OC_SetCompareCH1	16	static
../../Drivers/STM32G4xx_HAL_Driver/Inc/stm32g4xx_ll_tim.h:3235:22:LL_TIM_OC_SetCompareCH2	16	static
../../Drivers/STM32G4xx_HAL_Driver/Inc/stm32g4xx_ll_tim.h:3253:22:LL_TIM_OC_SetCompareCH3	16	static
../../Drivers/STM32G4xx_HAL_Driver/Inc/stm32g4xx_ll_tim.h:4623:22:LL_TIM_EnableAllOutputs	16	static
../pmsm/pmsm.c:261:6:pmsm_init	8	static
../pmsm/pmsm.c:280:6:pmsm_EXTI9_5_IRQHandler	8	static
../pmsm/pmsm.c:298:6:pmsm_sin_table_timer4_handler	4	static
../pmsm/pmsm.c:302:6:pmsm_timer3_update_handler	4	static
../pmsm/pmsm.c:306:6:pmsm_motor_stop	4	static
../pmsm/pmsm.c:310:9:pmsm_hall_sensors_get_position	16	static
../pmsm/pmsm.c:316:6:pmsm_motor_commutation	16	static
../pmsm/pmsm.c:371:6:pmsm_motor_set_run	4	static
../pmsm/pmsm.c:375:6:pmsm_set_PWM	16	static
